Component: ARM Compiler 5.06 update 5 (build 528) Tool: armlink [4d35e2]

==============================================================================

Section Cross References

    main.o(i.main) refers to misc.o(i.NVIC_PriorityGroupConfig) for NVIC_PriorityGroupConfig
    main.o(i.main) refers to drv_systick.o(i.drv_systick_init) for drv_systick_init
    main.o(i.main) refers to led.o(i.LED_Init) for LED_Init
    main.o(i.main) refers to beep.o(i.BEEP_Init) for BEEP_Init
    main.o(i.main) refers to key.o(i.KEY_Init) for KEY_Init
    main.o(i.main) refers to usart1.o(i.USART_1_Init) for USART_1_Init
    main.o(i.main) refers to oled.o(i.OLED_Init) for OLED_Init
    main.o(i.main) refers to adc.o(i.ADC1_Init) for ADC1_Init
    main.o(i.main) refers to wifi.o(i.WIFI_USART_2_Init) for WIFI_USART_2_Init
    main.o(i.main) refers to drv_dht11.o(i.DHT11_Init) for DHT11_Init
    main.o(i.main) refers to tim.o(i.PWM_TIM1_Init) for PWM_TIM1_Init
    main.o(i.main) refers to wifi.o(i.usart_sendstr) for usart_sendstr
    main.o(i.main) refers to drv_systick.o(i.drv_systick_delayms) for drv_systick_delayms
    main.o(i.main) refers to menu1.o(i.menu1) for menu1
    main.o(i.main) refers to key_control_menu.o(i.key_control_menu) for key_control_menu
    main.o(i.main) refers to pwm_control_menu.o(i.pwm_control_menu) for pwm_control_menu
    main.o(i.main) refers to wifi_menu.o(i.wifi_menu) for wifi_menu
    main.o(i.main) refers to main.o(.data) for menu
    led.o(i.LED1_OFF) refers to stm32f4xx_gpio.o(i.GPIO_SetBits) for GPIO_SetBits
    led.o(i.LED1_ON) refers to stm32f4xx_gpio.o(i.GPIO_ResetBits) for GPIO_ResetBits
    led.o(i.LED2_OFF) refers to stm32f4xx_gpio.o(i.GPIO_SetBits) for GPIO_SetBits
    led.o(i.LED2_ON) refers to stm32f4xx_gpio.o(i.GPIO_ResetBits) for GPIO_ResetBits
    led.o(i.LED3_OFF) refers to stm32f4xx_gpio.o(i.GPIO_SetBits) for GPIO_SetBits
    led.o(i.LED3_ON) refers to stm32f4xx_gpio.o(i.GPIO_ResetBits) for GPIO_ResetBits
    led.o(i.LED_Init) refers to stm32f4xx_rcc.o(i.RCC_AHB1PeriphClockCmd) for RCC_AHB1PeriphClockCmd
    led.o(i.LED_Init) refers to stm32f4xx_gpio.o(i.GPIO_Init) for GPIO_Init
    led.o(i.LED_Init) refers to stm32f4xx_gpio.o(i.GPIO_SetBits) for GPIO_SetBits
    led.o(i.LED_flow) refers to led.o(i.LED1_ON) for LED1_ON
    led.o(i.LED_flow) refers to drv_systick.o(i.drv_systick_delayms) for drv_systick_delayms
    led.o(i.LED_flow) refers to led.o(i.LED1_OFF) for LED1_OFF
    led.o(i.LED_flow) refers to led.o(i.LED2_ON) for LED2_ON
    led.o(i.LED_flow) refers to led.o(i.LED2_OFF) for LED2_OFF
    led.o(i.LED_flow) refers to led.o(i.LED3_ON) for LED3_ON
    led.o(i.LED_flow) refers to led.o(i.LED3_OFF) for LED3_OFF
    key.o(i.KEY_Init) refers to stm32f4xx_rcc.o(i.RCC_AHB1PeriphClockCmd) for RCC_AHB1PeriphClockCmd
    key.o(i.KEY_Init) refers to stm32f4xx_gpio.o(i.GPIO_Init) for GPIO_Init
    key.o(i.key_scan) refers to stm32f4xx_gpio.o(i.GPIO_ReadInputDataBit) for GPIO_ReadInputDataBit
    key.o(i.key_scan) refers to drv_systick.o(i.drv_systick_delayms) for drv_systick_delayms
    usart1.o(i.USART1_IRQHandler) refers to stm32f4xx_usart.o(i.USART_GetFlagStatus) for USART_GetFlagStatus
    usart1.o(i.USART1_IRQHandler) refers to stm32f4xx_usart.o(i.USART_ClearITPendingBit) for USART_ClearITPendingBit
    usart1.o(i.USART_1_Init) refers to stm32f4xx_rcc.o(i.RCC_AHB1PeriphClockCmd) for RCC_AHB1PeriphClockCmd
    usart1.o(i.USART_1_Init) refers to stm32f4xx_rcc.o(i.RCC_APB2PeriphClockCmd) for RCC_APB2PeriphClockCmd
    usart1.o(i.USART_1_Init) refers to stm32f4xx_gpio.o(i.GPIO_Init) for GPIO_Init
    usart1.o(i.USART_1_Init) refers to stm32f4xx_gpio.o(i.GPIO_PinAFConfig) for GPIO_PinAFConfig
    usart1.o(i.USART_1_Init) refers to stm32f4xx_usart.o(i.USART_Init) for USART_Init
    usart1.o(i.USART_1_Init) refers to stm32f4xx_usart.o(i.USART_ITConfig) for USART_ITConfig
    usart1.o(i.USART_1_Init) refers to misc.o(i.NVIC_Init) for NVIC_Init
    usart1.o(i.USART_1_Init) refers to stm32f4xx_usart.o(i.USART_Cmd) for USART_Cmd
    usart1.o(i.fputc) refers to stm32f4xx_usart.o(i.USART_SendData) for USART_SendData
    usart1.o(i.fputc) refers to stm32f4xx_usart.o(i.USART_GetFlagStatus) for USART_GetFlagStatus
    usart1.o(i.fputc) refers to stm32f4xx_usart.o(i.USART_ClearFlag) for USART_ClearFlag
    exti.o(i.Exti_Init) refers to stm32f4xx_rcc.o(i.RCC_AHB1PeriphClockCmd) for RCC_AHB1PeriphClockCmd
    exti.o(i.Exti_Init) refers to stm32f4xx_rcc.o(i.RCC_APB2PeriphClockCmd) for RCC_APB2PeriphClockCmd
    exti.o(i.Exti_Init) refers to stm32f4xx_gpio.o(i.GPIO_Init) for GPIO_Init
    exti.o(i.Exti_Init) refers to stm32f4xx_syscfg.o(i.SYSCFG_EXTILineConfig) for SYSCFG_EXTILineConfig
    exti.o(i.Exti_Init) refers to stm32f4xx_exti.o(i.EXTI_Init) for EXTI_Init
    exti.o(i.Exti_Init) refers to misc.o(i.NVIC_Init) for NVIC_Init
    tim.o(i.PWM_TIM1_Init) refers to stm32f4xx_rcc.o(i.RCC_AHB1PeriphClockCmd) for RCC_AHB1PeriphClockCmd
[...]
    Removing stm32f4xx_sai.o(i.SAI_GetCmdStatus), (20 bytes).
    Removing stm32f4xx_sai.o(i.SAI_GetFIFOStatus), (12 bytes).
    Removing stm32f4xx_sai.o(i.SAI_GetFlagStatus), (18 bytes).
    Removing stm32f4xx_sai.o(i.SAI_GetITStatus), (30 bytes).
    Removing stm32f4xx_sai.o(i.SAI_ITConfig), (18 bytes).
    Removing stm32f4xx_sai.o(i.SAI_Init), (72 bytes).
    Removing stm32f4xx_sai.o(i.SAI_MonoModeConfig), (18 bytes).
    Removing stm32f4xx_sai.o(i.SAI_MuteFrameCounterConfig), (18 bytes).
    Removing stm32f4xx_sai.o(i.SAI_MuteModeCmd), (22 bytes).
    Removing stm32f4xx_sai.o(i.SAI_MuteValueConfig), (16 bytes).
    Removing stm32f4xx_sai.o(i.SAI_ReceiveData), (6 bytes).
    Removing stm32f4xx_sai.o(i.SAI_SendData), (4 bytes).
    Removing stm32f4xx_sai.o(i.SAI_SlotInit), (36 bytes).
    Removing stm32f4xx_sai.o(i.SAI_SlotStructInit), (16 bytes).
    Removing stm32f4xx_sai.o(i.SAI_StructInit), (28 bytes).
    Removing stm32f4xx_sai.o(i.SAI_TRIStateConfig), (18 bytes).
    Removing stm32f4xx_sdio.o(.rev16_text), (4 bytes).
    Removing stm32f4xx_sdio.o(.revsh_text), (4 bytes).
    Removing stm32f4xx_sdio.o(i.SDIO_CEATAITCmd), (16 bytes).
    Removing stm32f4xx_sdio.o(i.SDIO_ClearFlag), (12 bytes).
    Removing stm32f4xx_sdio.o(i.SDIO_ClearITPendingBit), (12 bytes).
    Removing stm32f4xx_sdio.o(i.SDIO_ClockCmd), (12 bytes).
    Removing stm32f4xx_sdio.o(i.SDIO_CmdStructInit), (14 bytes).
    Removing stm32f4xx_sdio.o(i.SDIO_CommandCompletionCmd), (12 bytes).
    Removing stm32f4xx_sdio.o(i.SDIO_DMACmd), (12 bytes).
    Removing stm32f4xx_sdio.o(i.SDIO_DataConfig), (52 bytes).
    Removing stm32f4xx_sdio.o(i.SDIO_DataStructInit), (20 bytes).
    Removing stm32f4xx_sdio.o(i.SDIO_DeInit), (22 bytes).
    Removing stm32f4xx_sdio.o(i.SDIO_GetCommandResponse), (12 bytes).
    Removing stm32f4xx_sdio.o(i.SDIO_GetDataCounter), (12 bytes).
    Removing stm32f4xx_sdio.o(i.SDIO_GetFIFOCount), (12 bytes).
    Removing stm32f4xx_sdio.o(i.SDIO_GetFlagStatus), (24 bytes).
    Removing stm32f4xx_sdio.o(i.SDIO_GetITStatus), (24 bytes).
    Removing stm32f4xx_sdio.o(i.SDIO_GetPowerState), (16 bytes).
    Removing stm32f4xx_sdio.o(i.SDIO_GetResponse), (24 bytes).
    Removing stm32f4xx_sdio.o(i.SDIO_ITConfig), (32 bytes).
    Removing stm32f4xx_sdio.o(i.SDIO_Init), (48 bytes).
    Removing stm32f4xx_sdio.o(i.SDIO_ReadData), (12 bytes).
    Removing stm32f4xx_sdio.o(i.SDIO_SendCEATACmd), (12 bytes).
    Removing stm32f4xx_sdio.o(i.SDIO_SendCommand), (44 bytes).
    Removing stm32f4xx_sdio.o(i.SDIO_SendSDIOSuspendCmd), (12 bytes).
    Removing stm32f4xx_sdio.o(i.SDIO_SetPowerState), (12 bytes).
    Removing stm32f4xx_sdio.o(i.SDIO_SetSDIOOperation), (12 bytes).
    Removing stm32f4xx_sdio.o(i.SDIO_SetSDIOReadWaitMode), (12 bytes).
    Removing stm32f4xx_sdio.o(i.SDIO_StartSDIOReadWait), (12 bytes).
    Removing stm32f4xx_sdio.o(i.SDIO_StopSDIOReadWait), (12 bytes).
    Removing stm32f4xx_sdio.o(i.SDIO_StructInit), (16 bytes).
    Removing stm32f4xx_sdio.o(i.SDIO_WriteData), (12 bytes).
    Removing stm32f4xx_spi.o(.rev16_text), (4 bytes).
    Removing stm32f4xx_spi.o(.revsh_text), (4 bytes).
    Removing stm32f4xx_spi.o(i.I2S_Cmd), (24 bytes).
    Removing stm32f4xx_spi.o(i.I2S_FullDuplexConfig), (80 bytes).
    Removing stm32f4xx_spi.o(i.I2S_Init), (408 bytes).
    Removing stm32f4xx_spi.o(i.I2S_StructInit), (20 bytes).
    Removing stm32f4xx_spi.o(i.SPI_BiDirectionalLineConfig), (28 bytes).
    Removing stm32f4xx_spi.o(i.SPI_CalculateCRC), (24 bytes).
    Removing stm32f4xx_spi.o(i.SPI_Cmd), (24 bytes).
    Removing stm32f4xx_spi.o(i.SPI_DataSizeConfig), (18 bytes).
    Removing stm32f4xx_spi.o(i.SPI_GetCRC), (16 bytes).
    Removing stm32f4xx_spi.o(i.SPI_GetCRCPolynomial), (6 bytes).
    Removing stm32f4xx_spi.o(i.SPI_I2S_ClearFlag), (6 bytes).
    Removing stm32f4xx_spi.o(i.SPI_I2S_ClearITPendingBit), (20 bytes).
    Removing stm32f4xx_spi.o(i.SPI_I2S_DMACmd), (18 bytes).
    Removing stm32f4xx_spi.o(i.SPI_I2S_DeInit), (176 bytes).
    Removing stm32f4xx_spi.o(i.SPI_I2S_GetFlagStatus), (18 bytes).
    Removing stm32f4xx_spi.o(i.SPI_I2S_GetITStatus), (52 bytes).
    Removing stm32f4xx_spi.o(i.SPI_I2S_ITConfig), (32 bytes).
    Removing stm32f4xx_spi.o(i.SPI_I2S_ReceiveData), (6 bytes).
    Removing stm32f4xx_spi.o(i.SPI_I2S_SendData), (4 bytes).
    Removing stm32f4xx_spi.o(i.SPI_Init), (60 bytes).
    Removing stm32f4xx_spi.o(i.SPI_NSSInternalSoftwareConfig), (30 bytes).
    Removing stm32f4xx_spi.o(i.SPI_SSOutputCmd), (24 bytes).
    Removing stm32f4xx_spi.o(i.SPI_StructInit), (24 bytes).
    Removing stm32f4xx_spi.o(i.SPI_TIModeCmd), (24 bytes).
    Removing stm32f4xx_spi.o(i.SPI_TransmitCRC), (10 bytes).
    Removing stm32f4xx_syscfg.o(.rev16_text), (4 bytes).
    Removing stm32f4xx_syscfg.o(.revsh_text), (4 bytes).
    Removing stm32f4xx_syscfg.o(i.SYSCFG_CompensationCellCmd), (12 bytes).
    Removing stm32f4xx_syscfg.o(i.SYSCFG_DeInit), (22 bytes).
    Removing stm32f4xx_syscfg.o(i.SYSCFG_ETH_MediaInterfaceConfig), (12 bytes).
    Removing stm32f4xx_syscfg.o(i.SYSCFG_EXTILineConfig), (64 bytes).
    Removing stm32f4xx_syscfg.o(i.SYSCFG_GetCompensationCellStatus), (24 bytes).
    Removing stm32f4xx_syscfg.o(i.SYSCFG_MemoryRemapConfig), (12 bytes).
    Removing stm32f4xx_syscfg.o(i.SYSCFG_MemorySwappingBank), (12 bytes).
    Removing stm32f4xx_tim.o(.rev16_text), (4 bytes).
    Removing stm32f4xx_tim.o(.revsh_text), (4 bytes).
    Removing stm32f4xx_tim.o(i.TI1_Config), (58 bytes).
    Removing stm32f4xx_tim.o(i.TI2_Config), (80 bytes).
    Removing stm32f4xx_tim.o(i.TI3_Config), (72 bytes).
    Removing stm32f4xx_tim.o(i.TI4_Config), (80 bytes).
    Removing stm32f4xx_tim.o(i.TIM_BDTRConfig), (32 bytes).
    Removing stm32f4xx_tim.o(i.TIM_BDTRStructInit), (18 bytes).
    Removing stm32f4xx_tim.o(i.TIM_CCPreloadControl), (24 bytes).
    Removing stm32f4xx_tim.o(i.TIM_CCxCmd), (30 bytes).
    Removing stm32f4xx_tim.o(i.TIM_CCxNCmd), (30 bytes).
    Removing stm32f4xx_tim.o(i.TIM_ClearFlag), (6 bytes).
    Removing stm32f4xx_tim.o(i.TIM_ClearITPendingBit), (6 bytes).
    Removing stm32f4xx_tim.o(i.TIM_ClearOC1Ref), (18 bytes).
    Removing stm32f4xx_tim.o(i.TIM_ClearOC2Ref), (24 bytes).
    Removing stm32f4xx_tim.o(i.TIM_ClearOC3Ref), (18 bytes).
    Removing stm32f4xx_tim.o(i.TIM_ClearOC4Ref), (24 bytes).
    Removing stm32f4xx_tim.o(i.TIM_CounterModeConfig), (18 bytes).
    Removing stm32f4xx_tim.o(i.TIM_DMACmd), (18 bytes).
    Removing stm32f4xx_tim.o(i.TIM_DMAConfig), (10 bytes).
    Removing stm32f4xx_tim.o(i.TIM_DeInit), (400 bytes).
    Removing stm32f4xx_tim.o(i.TIM_ETRClockMode1Config), (54 bytes).
    Removing stm32f4xx_tim.o(i.TIM_ETRClockMode2Config), (32 bytes).
    Removing stm32f4xx_tim.o(i.TIM_ETRConfig), (28 bytes).
    Removing stm32f4xx_tim.o(i.TIM_EncoderInterfaceConfig), (66 bytes).
    Removing stm32f4xx_tim.o(i.TIM_ForcedOC1Config), (18 bytes).
    Removing stm32f4xx_tim.o(i.TIM_ForcedOC2Config), (26 bytes).
    Removing stm32f4xx_tim.o(i.TIM_ForcedOC3Config), (18 bytes).
    Removing stm32f4xx_tim.o(i.TIM_ForcedOC4Config), (26 bytes).
    Removing stm32f4xx_tim.o(i.TIM_GenerateEvent), (4 bytes).
    Removing stm32f4xx_tim.o(i.TIM_GetCapture1), (6 bytes).
    Removing stm32f4xx_tim.o(i.TIM_GetCapture2), (6 bytes).
    Removing stm32f4xx_tim.o(i.TIM_GetCapture3), (6 bytes).
    Removing stm32f4xx_tim.o(i.TIM_GetCapture4), (6 bytes).
    Removing stm32f4xx_tim.o(i.TIM_GetCounter), (6 bytes).
    Removing stm32f4xx_tim.o(i.TIM_GetFlagStatus), (18 bytes).
    Removing stm32f4xx_tim.o(i.TIM_GetITStatus), (34 bytes).
    Removing stm32f4xx_tim.o(i.TIM_GetPrescaler), (6 bytes).
    Removing stm32f4xx_tim.o(i.TIM_ICInit), (110 bytes).
    Removing stm32f4xx_tim.o(i.TIM_ICStructInit), (18 bytes).
    Removing stm32f4xx_tim.o(i.TIM_ITConfig), (18 bytes).
    Removing stm32f4xx_tim.o(i.TIM_ITRxExternalClockConfig), (24 bytes).
    Removing stm32f4xx_tim.o(i.TIM_InternalClockConfig), (12 bytes).
    Removing stm32f4xx_tim.o(i.TIM_OC1FastConfig), (18 bytes).
    Removing stm32f4xx_tim.o(i.TIM_OC1NPolarityConfig), (18 bytes).
    Removing stm32f4xx_tim.o(i.TIM_OC1PolarityConfig), (18 bytes).
    Removing stm32f4xx_tim.o(i.TIM_OC2FastConfig), (26 bytes).
    Removing stm32f4xx_tim.o(i.TIM_OC2Init), (164 bytes).
    Removing stm32f4xx_tim.o(i.TIM_OC2NPolarityConfig), (26 bytes).
    Removing stm32f4xx_tim.o(i.TIM_OC2PolarityConfig), (26 bytes).
    Removing stm32f4xx_tim.o(i.TIM_OC2PreloadConfig), (26 bytes).
    Removing stm32f4xx_tim.o(i.TIM_OC3FastConfig), (18 bytes).
    Removing stm32f4xx_tim.o(i.TIM_OC3Init), (160 bytes).
    Removing stm32f4xx_tim.o(i.TIM_OC3NPolarityConfig), (26 bytes).
    Removing stm32f4xx_tim.o(i.TIM_OC3PolarityConfig), (26 bytes).
    Removing stm32f4xx_tim.o(i.TIM_OC3PreloadConfig), (18 bytes).
    Removing stm32f4xx_tim.o(i.TIM_OC4FastConfig), (26 bytes).
    Removing stm32f4xx_tim.o(i.TIM_OC4Init), (120 bytes).
    Removing stm32f4xx_tim.o(i.TIM_OC4PolarityConfig), (26 bytes).
    Removing stm32f4xx_tim.o(i.TIM_OC4PreloadConfig), (26 bytes).
    Removing stm32f4xx_tim.o(i.TIM_OCStructInit), (20 bytes).
    Removing stm32f4xx_tim.o(i.TIM_PWMIConfig), (124 bytes).
    Removing stm32f4xx_tim.o(i.TIM_PrescalerConfig), (6 bytes).
    Removing stm32f4xx_tim.o(i.TIM_RemapConfig), (6 bytes).
    Removing stm32f4xx_tim.o(i.TIM_SelectCCDMA), (24 bytes).
    Removing stm32f4xx_tim.o(i.TIM_SelectCOM), (24 bytes).
    Removing stm32f4xx_tim.o(i.TIM_SelectHallSensor), (24 bytes).
    Removing stm32f4xx_tim.o(i.TIM_SelectInputTrigger), (18 bytes).
    Removing stm32f4xx_tim.o(i.TIM_SelectMasterSlaveMode), (18 bytes).
    Removing stm32f4xx_tim.o(i.TIM_SelectOCxM), (86 bytes).
    Removing stm32f4xx_tim.o(i.TIM_SelectOnePulseMode), (18 bytes).
    Removing stm32f4xx_tim.o(i.TIM_SelectOutputTrigger), (18 bytes).
    Removing stm32f4xx_tim.o(i.TIM_SelectSlaveMode), (18 bytes).
    Removing stm32f4xx_tim.o(i.TIM_SetAutoreload), (4 bytes).
    Removing stm32f4xx_tim.o(i.TIM_SetClockDivision), (18 bytes).
    Removing stm32f4xx_tim.o(i.TIM_SetCompare2), (4 bytes).
    Removing stm32f4xx_tim.o(i.TIM_SetCompare3), (4 bytes).
    Removing stm32f4xx_tim.o(i.TIM_SetCompare4), (4 bytes).
    Removing stm32f4xx_tim.o(i.TIM_SetCounter), (4 bytes).
    Removing stm32f4xx_tim.o(i.TIM_SetIC1Prescaler), (18 bytes).
    Removing stm32f4xx_tim.o(i.TIM_SetIC2Prescaler), (26 bytes).
    Removing stm32f4xx_tim.o(i.TIM_SetIC3Prescaler), (18 bytes).
    Removing stm32f4xx_tim.o(i.TIM_SetIC4Prescaler), (26 bytes).
    Removing stm32f4xx_tim.o(i.TIM_TIxExternalClockConfig), (62 bytes).
    Removing stm32f4xx_tim.o(i.TIM_TimeBaseStructInit), (18 bytes).
    Removing stm32f4xx_tim.o(i.TIM_UpdateDisableConfig), (24 bytes).
    Removing stm32f4xx_tim.o(i.TIM_UpdateRequestConfig), (24 bytes).
    Removing stm32f4xx_usart.o(.rev16_text), (4 bytes).
    Removing stm32f4xx_usart.o(.revsh_text), (4 bytes).
    Removing stm32f4xx_usart.o(i.USART_ClockInit), (32 bytes).
    Removing stm32f4xx_usart.o(i.USART_ClockStructInit), (12 bytes).
    Removing stm32f4xx_usart.o(i.USART_DMACmd), (18 bytes).
    Removing stm32f4xx_usart.o(i.USART_DeInit), (240 bytes).
    Removing stm32f4xx_usart.o(i.USART_GetITStatus), (84 bytes).
    Removing stm32f4xx_usart.o(i.USART_HalfDuplexCmd), (24 bytes).
    Removing stm32f4xx_usart.o(i.USART_IrDACmd), (24 bytes).
    Removing stm32f4xx_usart.o(i.USART_IrDAConfig), (18 bytes).
    Removing stm32f4xx_usart.o(i.USART_LINBreakDetectLengthConfig), (18 bytes).
    Removing stm32f4xx_usart.o(i.USART_LINCmd), (24 bytes).
    Removing stm32f4xx_usart.o(i.USART_OneBitMethodCmd), (24 bytes).
    Removing stm32f4xx_usart.o(i.USART_OverSampling8Cmd), (22 bytes).
    Removing stm32f4xx_usart.o(i.USART_ReceiverWakeUpCmd), (24 bytes).
    Removing stm32f4xx_usart.o(i.USART_SendBreak), (10 bytes).
    Removing stm32f4xx_usart.o(i.USART_SetAddress), (18 bytes).
    Removing stm32f4xx_usart.o(i.USART_SetGuardTime), (16 bytes).
    Removing stm32f4xx_usart.o(i.USART_SetPrescaler), (16 bytes).
    Removing stm32f4xx_usart.o(i.USART_SmartCardCmd), (24 bytes).
    Removing stm32f4xx_usart.o(i.USART_SmartCardNACKCmd), (24 bytes).
    Removing stm32f4xx_usart.o(i.USART_StructInit), (24 bytes).
    Removing stm32f4xx_usart.o(i.USART_WakeUpConfig), (18 bytes).
    Removing stm32f4xx_wwdg.o(.rev16_text), (4 bytes).
    Removing stm32f4xx_wwdg.o(.revsh_text), (4 bytes).
    Removing stm32f4xx_wwdg.o(i.WWDG_ClearFlag), (12 bytes).
    Removing stm32f4xx_wwdg.o(i.WWDG_DeInit), (22 bytes).
    Removing stm32f4xx_wwdg.o(i.WWDG_Enable), (16 bytes).
    Removing stm32f4xx_wwdg.o(i.WWDG_EnableIT), (12 bytes).
    Removing stm32f4xx_wwdg.o(i.WWDG_GetFlagStatus), (20 bytes).
    Removing stm32f4xx_wwdg.o(i.WWDG_SetCounter), (16 bytes).
    Removing stm32f4xx_wwdg.o(i.WWDG_SetPrescaler), (24 bytes).
    Removing stm32f4xx_wwdg.o(i.WWDG_SetWindowValue), (40 bytes).
    Removing dadd.o(.text), (334 bytes).
    Removing dmul.o(.text), (228 bytes).
    Removing ddiv.o(.text), (222 bytes).
    Removing dfixul.o(.text), (48 bytes).
    Removing cdrcmple.o(.text), (48 bytes).
    Removing depilogue.o(.text), (186 bytes).

808 unused section(s) (total 37419 bytes) removed from the image.

==============================================================================

Image Symbol Table

    Local Symbols

    Symbol Name                              Value     Ov Type        Size  Object(Section)

    ../clib/../cmprslib/lz77c.c              0x00000000   Number         0  __dclz77c.o ABSOLUTE
    ../clib/microlib/division.c              0x00000000   Number         0  uldiv.o ABSOLUTE
    ../clib/microlib/division.c              0x00000000   Number         0  uidiv.o ABSOLUTE
    ../clib/microlib/init/entry.s            0x00000000   Number         0  entry10b.o ABSOLUTE
    ../clib/microlib/init/entry.s            0x00000000   Number         0  entry10a.o ABSOLUTE
    ../clib/microlib/init/entry.s            0x00000000   Number         0  entry9b.o ABSOLUTE
    ../clib/microlib/init/entry.s            0x00000000   Number         0  entry8a.o ABSOLUTE
    ../clib/microlib/init/entry.s            0x00000000   Number         0  entry9a.o ABSOLUTE
    ../clib/microlib/init/entry.s            0x00000000   Number         0  entry2.o ABSOLUTE
    ../clib/microlib/init/entry.s            0x00000000   Number         0  entry5.o ABSOLUTE
    ../clib/microlib/init/entry.s            0x00000000   Number         0  entry7a.o ABSOLUTE
    ../clib/microlib/init/entry.s            0x00000000   Number         0  entry7b.o ABSOLUTE
    ../clib/microlib/init/entry.s            0x00000000   Number         0  entry.o ABSOLUTE
    ../clib/microlib/init/entry.s            0x00000000   Number         0  entry8b.o ABSOLUTE
    ../clib/microlib/init/entry.s            0x00000000   Number         0  entry11b.o ABSOLUTE
    ../clib/microlib/init/entry.s            0x00000000   Number         0  entry11a.o ABSOLUTE
    ../clib/microlib/longlong.c              0x00000000   Number         0  llshl.o ABSOLUTE
    ../clib/microlib/longlong.c              0x00000000   Number         0  llsshr.o ABSOLUTE
    ../clib/microlib/longlong.c              0x00000000   Number         0  llushr.o ABSOLUTE
    ../clib/microlib/printf/printf.c         0x00000000   Number         0  printf3.o ABSOLUTE
    ../clib/microlib/printf/printf.c         0x00000000   Number         0  printfa.o ABSOLUTE
    ../clib/microlib/printf/printf.c         0x00000000   Number         0  printf4.o ABSOLUTE
    ../clib/microlib/printf/printf.c         0x00000000   Number         0  printfb.o ABSOLUTE
    ../clib/microlib/printf/printf.c         0x00000000   Number         0  printf0.o ABSOLUTE
    ../clib/microlib/printf/printf.c         0x00000000   Number         0  printf8.o ABSOLUTE
    ../clib/microlib/printf/printf.c         0x00000000   Number         0  printf7.o ABSOLUTE
    ../clib/microlib/printf/printf.c         0x00000000   Number         0  printf1.o ABSOLUTE
    ../clib/microlib/printf/printf.c         0x00000000   Number         0  printf2.o ABSOLUTE
    ../clib/microlib/printf/printf.c         0x00000000   Number         0  printf6.o ABSOLUTE
    ../clib/microlib/printf/printf.c         0x00000000   Number         0  printf5.o ABSOLUTE
    ../clib/microlib/printf/stubs.s          0x00000000   Number         0  stubs.o ABSOLUTE
    ../clib/microlib/stdio/streams.c         0x00000000   Number         0  stdout.o ABSOLUTE
    ../clib/microlib/string/memset.c         0x00000000   Number         0  memseta.o ABSOLUTE
    ../clib/microlib/string/strcmp.c         0x00000000   Number         0  strcmp.o ABSOLUTE
    ../clib/microlib/stubs.s                 0x00000000   Number         0  iusefp.o ABSOLUTE
    ../fplib/microlib/fpadd.c                0x00000000   Number         0  dadd.o ABSOLUTE
    ../fplib/microlib/fpdiv.c                0x00000000   Number         0  ddiv.o ABSOLUTE
    ../fplib/microlib/fpepilogue.c           0x00000000   Number         0  depilogue.o ABSOLUTE
    ../fplib/microlib/fpfix.c                0x00000000   Number         0  dfixul.o ABSOLUTE
    ../fplib/microlib/fpmul.c                0x00000000   Number         0  dmul.o ABSOLUTE
    ..\\apps\\main.c                         0x00000000   Number         0  main.o ABSOLUTE
    ..\\apps\\stm32f4xx_it.c                 0x00000000   Number         0  stm32f4xx_it.o ABSOLUTE
    ..\\drivers\\src\\ADC.c                  0x00000000   Number         0  adc.o ABSOLUTE
    ..\\drivers\\src\\BEEP.c                 0x00000000   Number         0  beep.o ABSOLUTE
    ..\\drivers\\src\\DMA.c                  0x00000000   Number         0  dma.o ABSOLUTE
    ..\\drivers\\src\\EXTI.c                 0x00000000   Number         0  exti.o ABSOLUTE
    ..\\drivers\\src\\KEY.c                  0x00000000   Number         0  key.o ABSOLUTE
    ..\\drivers\\src\\LED.c                  0x00000000   Number         0  led.o ABSOLUTE
    ..\\drivers\\src\\TIM.c                  0x00000000   Number         0  tim.o ABSOLUTE
    ..\\drivers\\src\\USART1.c               0x00000000   Number         0  usart1.o ABSOLUTE
    ..\\drivers\\src\\WIFI.c                 0x00000000   Number         0  wifi.o ABSOLUTE
    ..\\drivers\\src\\drv_dht11.c            0x00000000   Number         0  drv_dht11.o ABSOLUTE
    ..\\drivers\\src\\drv_systick.c          0x00000000   Number         0  drv_systick.o ABSOLUTE
    ..\\drivers\\src\\key_control_menu.c     0x00000000   Number         0  key_control_menu.o ABSOLUTE
    ..\\drivers\\src\\menu1.c                0x00000000   Number         0  menu1.o ABSOLUTE
    ..\\drivers\\src\\oled.c                 0x00000000   Number         0  oled.o ABSOLUTE
    ..\\drivers\\src\\pwm_control_menu.c     0x00000000   Number         0  pwm_control_menu.o ABSOLUTE
    ..\\drivers\\src\\wifi_menu.c            0x00000000   Number         0  wifi_menu.o ABSOLUTE
    ..\\libraries\\CMSIS\\Device\\ST\\STM32F4xx\\Source\\Templates\\system_stm32f4xx.c 0x00000000   Number         0  system_stm32f4xx.o ABSOLUTE
    ..\\libraries\\STM32F4xx_StdPeriph_Driver\\src\\misc.c 0x00000000   Number         0  misc.o ABSOLUTE
    ..\\libraries\\STM32F4xx_StdPeriph_Driver\\src\\stm32f4xx_adc.c 0x00000000   Number         0  stm32f4xx_adc.o ABSOLUTE
    ..\\libraries\\STM32F4xx_StdPeriph_Driver\\src\\stm32f4xx_can.c 0x00000000   Number         0  stm32f4xx_can.o ABSOLUTE
    ..\\libraries\\STM32F4xx_StdPeriph_Driver\\src\\stm32f4xx_crc.c 0x00000000   Number         0  stm32f4xx_crc.o ABSOLUTE
    ..\\libraries\\STM32F4xx_StdPeriph_Driver\\src\\stm32f4xx_cryp.c 0x00000000   Number         0  stm32f4xx_cryp.o ABSOLUTE
    ..\\libraries\\STM32F4xx_StdPeriph_Driver\\src\\stm32f4xx_cryp_aes.c 0x00000000   Number         0  stm32f4xx_cryp_aes.o ABSOLUTE
    ..\\libraries\\STM32F4xx_StdPeriph_Driver\\src\\stm32f4xx_cryp_des.c 0x00000000   Number         0  stm32f4xx_cryp_des.o ABSOLUTE
    ..\\libraries\\STM32F4xx_StdPeriph_Driver\\src\\stm32f4xx_cryp_tdes.c 0x00000000   Number         0  stm32f4xx_cryp_tdes.o ABSOLUTE
    ..\\libraries\\STM32F4xx_StdPeriph_Driver\\src\\stm32f4xx_dac.c 0x00000000   Number         0  stm32f4xx_dac.o ABSOLUTE
    ..\\libraries\\STM32F4xx_StdPeriph_Driver\\src\\stm32f4xx_dbgmcu.c 0x00000000   Number         0  stm32f4xx_dbgmcu.o ABSOLUTE
    ..\\libraries\\STM32F4xx_StdPeriph_Driver\\src\\stm32f4xx_dcmi.c 0x00000000   Number         0  stm32f4xx_dcmi.o ABSOLUTE
    ..\\libraries\\STM32F4xx_StdPeriph_Driver\\src\\stm32f4xx_dma.c 0x00000000   Number         0  stm32f4xx_dma.o ABSOLUTE
    ..\\libraries\\STM32F4xx_StdPeriph_Driver\\src\\stm32f4xx_dma2d.c 0x00000000   Number         0  stm32f4xx_dma2d.o ABSOLUTE
    ..\\libraries\\STM32F4xx_StdPeriph_Driver\\src\\stm32f4xx_exti.c 0x00000000   Number         0  stm32f4xx_exti.o ABSOLUTE
    ..\\libraries\\STM32F4xx_StdPeriph_Driver\\src\\stm32f4xx_flash.c 0x00000000   Number         0  stm32f4xx_flash.o ABSOLUTE
    ..\\libraries\\STM32F4xx_StdPeriph_Driver\\src\\stm32f4xx_flash_ramfunc.c 0x00000000   Number         0  stm32f4xx_flash_ramfunc.o ABSOLUTE
    ..\\libraries\\STM32F4xx_StdPeriph_Driver\\src\\stm32f4xx_fsmc.c 0x00000000   Number         0  stm32f4xx_fsmc.o ABSOLUTE
    ..\\libraries\\STM32F4xx_StdPeriph_Driver\\src\\stm32f4xx_gpio.c 0x00000000   Number         0  stm32f4xx_gpio.o ABSOLUTE
    ..\\libraries\\STM32F4xx_StdPeriph_Driver\\src\\stm32f4xx_hash.c 0x00000000   Number         0  stm32f4xx_hash.o ABSOLUTE
    ..\\libraries\\STM32F4xx_StdPeriph_Driver\\src\\stm32f4xx_hash_md5.c 0x00000000   Number         0  stm32f4xx_hash_md5.o ABSOLUTE
    ..\\libraries\\STM32F4xx_StdPeriph_Driver\\src\\stm32f4xx_hash_sha1.c 0x00000000   Number         0  stm32f4xx_hash_sha1.o ABSOLUTE
    ..\\libraries\\STM32F4xx_StdPeriph_Driver\\src\\stm32f4xx_i2c.c 0x00000000   Number         0  stm32f4xx_i2c.o ABSOLUTE
    ..\\libraries\\STM32F4xx_StdPeriph_Driver\\src\\stm32f4xx_iwdg.c 0x00000000   Number         0  stm32f4xx_iwdg.o ABSOLUTE
    ..\\libraries\\STM32F4xx_StdPeriph_Driver\\src\\stm32f4xx_ltdc.c 0x00000000   Number         0  stm32f4xx_ltdc.o ABSOLUTE
    ..\\libraries\\STM32F4xx_StdPeriph_Driver\\src\\stm32f4xx_pwr.c 0x00000000   Number         0  stm32f4xx_pwr.o ABSOLUTE
    ..\\libraries\\STM32F4xx_StdPeriph_Driver\\src\\stm32f4xx_rcc.c 0x00000000   Number         0  stm32f4xx_rcc.o ABSOLUTE
    ..\\libraries\\STM32F4xx_StdPeriph_Driver\\src\\stm32f4xx_rng.c 0x00000000   Number         0  stm32f4xx_rng.o ABSOLUTE
    ..\\libraries\\STM32F4xx_StdPeriph_Driver\\src\\stm32f4xx_rtc.c 0x00000000   Number         0  stm32f4xx_rtc.o ABSOLUTE
    ..\\libraries\\STM32F4xx_StdPeriph_Driver\\src\\stm32f4xx_sai.c 0x00000000   Number         0  stm32f4xx_sai.o ABSOLUTE
    ..\\libraries\\STM32F4xx_StdPeriph_Driver\\src\\stm32f4xx_sdio.c 0x00000000   Number         0  stm32f4xx_sdio.o ABSOLUTE
    ..\\libraries\\STM32F4xx_StdPeriph_Driver\\src\\stm32f4xx_spi.c 0x00000000   Number         0  stm32f4xx_spi.o ABSOLUTE
    ..\\libraries\\STM32F4xx_StdPeriph_Driver\\src\\stm32f4xx_syscfg.c 0x00000000   Number         0  stm32f4xx_syscfg.o ABSOLUTE
    ..\\libraries\\STM32F4xx_StdPeriph_Driver\\src\\stm32f4xx_tim.c 0x00000000   Number         0  stm32f4xx_tim.o ABSOLUTE
    ..\\libraries\\STM32F4xx_StdPeriph_Driver\\src\\stm32f4xx_usart.c 0x00000000   Number         0  stm32f4xx_usart.o ABSOLUTE
    ..\\libraries\\STM32F4xx_StdPeriph_Driver\\src\\stm32f4xx_wwdg.c 0x00000000   Number         0  stm32f4xx_wwdg.o ABSOLUTE
    ..\apps\main.c                           0x00000000   Number         0  main.o ABSOLUTE
    ..\apps\stm32f4xx_it.c                   0x00000000   Number         0  stm32f4xx_it.o ABSOLUTE
    ..\drivers\src\ADC.c                     0x00000000   Number         0  adc.o ABSOLUTE
    ..\drivers\src\BEEP.c                    0x00000000   Number         0  beep.o ABSOLUTE
    ..\drivers\src\DMA.c                     0x00000000   Number         0  dma.o ABSOLUTE
    ..\drivers\src\EXTI.c                    0x00000000   Number         0  exti.o ABSOLUTE
    ..\drivers\src\KEY.c                     0x00000000   Number         0  key.o ABSOLUTE
    ..\drivers\src\LED.c                     0x00000000   Number         0  led.o ABSOLUTE
    ..\drivers\src\TIM.c                     0x00000000   Number         0  tim.o ABSOLUTE
    ..\drivers\src\USART1.c                  0x00000000   Number         0  usart1.o ABSOLUTE
    ..\drivers\src\WIFI.c                    0x00000000   Number         0  wifi.o ABSOLUTE
    ..\drivers\src\drv_dht11.c               0x00000000   Number         0  drv_dht11.o ABSOLUTE
    ..\drivers\src\drv_systick.c             0x00000000   Number         0  drv_systick.o ABSOLUTE
    ..\drivers\src\key_control_menu.c        0x00000000   Number         0  key_control_menu.o ABSOLUTE
    ..\drivers\src\menu1.c                   0x00000000   Number         0  menu1.o ABSOLUTE
    ..\drivers\src\oled.c                    0x00000000   Number         0  oled.o ABSOLUTE
    ..\drivers\src\pwm_control_menu.c        0x00000000   Number         0  pwm_control_menu.o ABSOLUTE
    ..\drivers\src\wifi_menu.c               0x00000000   Number         0  wifi_menu.o ABSOLUTE
    ..\libraries\CMSIS\Device\ST\STM32F4xx\Source\Templates\arm\startup_stm32f40_41xxx.s 0x00000000   Number         0  startup_stm32f40_41xxx.o ABSOLUTE
    ..\libraries\CMSIS\Device\ST\STM32F4xx\Source\Templates\system_stm32f4xx.c 0x00000000   Number         0  system_stm32f4xx.o ABSOLUTE
    ..\libraries\STM32F4xx_StdPeriph_Driver\src\misc.c 0x00000000   Number         0  misc.o ABSOLUTE
    ..\libraries\STM32F4xx_StdPeriph_Driver\src\stm32f4xx_adc.c 0x00000000   Number         0  stm32f4xx_adc.o ABSOLUTE
    ..\libraries\STM32F4xx_StdPeriph_Driver\src\stm32f4xx_can.c 0x00000000   Number         0  stm32f4xx_can.o ABSOLUTE
    ..\libraries\STM32F4xx_StdPeriph_Driver\src\stm32f4xx_crc.c 0x00000000   Number         0  stm32f4xx_crc.o ABSOLUTE
    ..\libraries\STM32F4xx_StdPeriph_Driver\src\stm32f4xx_cryp.c 0x00000000   Number         0  stm32f4xx_cryp.o ABSOLUTE
    ..\libraries\STM32F4xx_StdPeriph_Driver\src\stm32f4xx_cryp_aes.c 0x00000000   Number         0  stm32f4xx_cryp_aes.o ABSOLUTE
    ..\libraries\STM32F4xx_StdPeriph_Driver\src\stm32f4xx_cryp_des.c 0x00000000   Number         0  stm32f4xx_cryp_des.o ABSOLUTE
    ..\libraries\STM32F4xx_StdPeriph_Driver\src\stm32f4xx_cryp_tdes.c 0x00000000   Number         0  stm32f4xx_cryp_tdes.o ABSOLUTE
    ..\libraries\STM32F4xx_StdPeriph_Driver\src\stm32f4xx_dac.c 0x00000000   Number         0  stm32f4xx_dac.o ABSOLUTE
    ..\libraries\STM32F4xx_StdPeriph_Driver\src\stm32f4xx_dbgmcu.c 0x00000000   Number         0  stm32f4xx_dbgmcu.o ABSOLUTE
    ..\libraries\STM32F4xx_StdPeriph_Driver\src\stm32f4xx_dcmi.c 0x00000000   Number         0  stm32f4xx_dcmi.o ABSOLUTE
    ..\libraries\STM32F4xx_StdPeriph_Driver\src\stm32f4xx_dma.c 0x00000000   Number         0  stm32f4xx_dma.o ABSOLUTE
    ..\libraries\STM32F4xx_StdPeriph_Driver\src\stm32f4xx_dma2d.c 0x00000000   Number         0  stm32f4xx_dma2d.o ABSOLUTE
    ..\libraries\STM32F4xx_StdPeriph_Driver\src\stm32f4xx_exti.c 0x00000000   Number         0  stm32f4xx_exti.o ABSOLUTE
    ..\libraries\STM32F4xx_StdPeriph_Driver\src\stm32f4xx_flash.c 0x00000000   Number         0  stm32f4xx_flash.o ABSOLUTE
    ..\libraries\STM32F4xx_StdPeriph_Driver\src\stm32f4xx_flash_ramfunc.c 0x00000000   Number         0  stm32f4xx_flash_ramfunc.o ABSOLUTE
    ..\libraries\STM32F4xx_StdPeriph_Driver\src\stm32f4xx_fsmc.c 0x00000000   Number         0  stm32f4xx_fsmc.o ABSOLUTE
    ..\libraries\STM32F4xx_StdPeriph_Driver\src\stm32f4xx_gpio.c 0x00000000   Number         0  stm32f4xx_gpio.o ABSOLUTE
    ..\libraries\STM32F4xx_StdPeriph_Driver\src\stm32f4xx_hash.c 0x00000000   Number         0  stm32f4xx_hash.o ABSOLUTE
    ..\libraries\STM32F4xx_StdPeriph_Driver\src\stm32f4xx_hash_md5.c 0x00000000   Number         0  stm32f4xx_hash_md5.o ABSOLUTE
    ..\libraries\STM32F4xx_StdPeriph_Driver\src\stm32f4xx_hash_sha1.c 0x00000000   Number         0  stm32f4xx_hash_sha1.o ABSOLUTE
    ..\libraries\STM32F4xx_StdPeriph_Driver\src\stm32f4xx_i2c.c 0x00000000   Number         0  stm32f4xx_i2c.o ABSOLUTE
    ..\libraries\STM32F4xx_StdPeriph_Driver\src\stm32f4xx_iwdg.c 0x00000000   Number         0  stm32f4xx_iwdg.o ABSOLUTE
    ..\libraries\STM32F4xx_StdPeriph_Driver\src\stm32f4xx_ltdc.c 0x00000000   Number         0  stm32f4xx_ltdc.o ABSOLUTE
    ..\libraries\STM32F4xx_StdPeriph_Driver\src\stm32f4xx_pwr.c 0x00000000   Number         0  stm32f4xx_pwr.o ABSOLUTE
    ..\libraries\STM32F4xx_StdPeriph_Driver\src\stm32f4xx_rcc.c 0x00000000   Number         0  stm32f4xx_rcc.o ABSOLUTE
    ..\libraries\STM32F4xx_StdPeriph_Driver\src\stm32f4xx_rng.c 0x00000000   Number         0  stm32f4xx_rng.o ABSOLUTE
    ..\libraries\STM32F4xx_StdPeriph_Driver\src\stm32f4xx_rtc.c 0x00000000   Number         0  stm32f4xx_rtc.o ABSOLUTE
    ..\libraries\STM32F4xx_StdPeriph_Driver\src\stm32f4xx_sai.c 0x00000000   Number         0  stm32f4xx_sai.o ABSOLUTE
    ..\libraries\STM32F4xx_StdPeriph_Driver\src\stm32f4xx_sdio.c 0x00000000   Number         0  stm32f4xx_sdio.o ABSOLUTE
    ..\libraries\STM32F4xx_StdPeriph_Driver\src\stm32f4xx_spi.c 0x00000000   Number         0  stm32f4xx_spi.o ABSOLUTE
    ..\libraries\STM32F4xx_StdPeriph_Driver\src\stm32f4xx_syscfg.c 0x00000000   Number         0  stm32f4xx_syscfg.o ABSOLUTE
    ..\libraries\STM32F4xx_StdPeriph_Driver\src\stm32f4xx_tim.c 0x00000000   Number         0  stm32f4xx_tim.o ABSOLUTE
    ..\libraries\STM32F4xx_StdPeriph_Driver\src\stm32f4xx_usart.c 0x00000000   Number         0  stm32f4xx_usart.o ABSOLUTE
    ..\libraries\STM32F4xx_StdPeriph_Driver\src\stm32f4xx_wwdg.c 0x00000000   Number         0  stm32f4xx_wwdg.o ABSOLUTE
    cdrcmple.s                               0x00000000   Number         0  cdrcmple.o ABSOLUTE
    dc.s                                     0x00000000   Number         0  dc.o ABSOLUTE
    handlers.s                               0x00000000   Number         0  handlers.o ABSOLUTE
    init.s                                   0x00000000   Number         0  init.o ABSOLUTE
    RESET                                    0x08000000   Section      392  startup_stm32f40_41xxx.o(RESET)
    .ARM.Collect$$$$00000000                 0x08000188   Section        0  entry.o(.ARM.Collect$$$$00000000)
    .ARM.Collect$$$$00000001                 0x08000188   Section        4  entry2.o(.ARM.Collect$$$$00000001)
    .ARM.Collect$$$$00000004                 0x0800018c   Section        4  entry5.o(.ARM.Collect$$$$00000004)
    .ARM.Collect$$$$00000008                 0x08000190   Section        0  entry7b.o(.ARM.Collect$$$$00000008)
    .ARM.Collect$$$$0000000A                 0x08000190   Section        0  entry8b.o(.ARM.Collect$$$$0000000A)
    .ARM.Collect$$$$0000000B                 0x08000190   Section        8  entry9a.o(.ARM.Collect$$$$0000000B)
    .ARM.Collect$$$$0000000D                 0x08000198   Section        0  entry10a.o(.ARM.Collect$$$$0000000D)
    .ARM.Collect$$$$0000000F                 0x08000198   Section        0  entry11a.o(.ARM.Collect$$$$0000000F)
    .ARM.Collect$$$$00002712                 0x08000198   Section        4  entry2.o(.ARM.Collect$$$$00002712)
    __lit__00000000                          0x08000198   Data           4  entry2.o(.ARM.Collect$$$$00002712)
    .text                                    0x0800019c   Section       36  startup_stm32f40_41xxx.o(.text)
    $v0                                      0x0800019c   Number         0  startup_stm32f40_41xxx.o(.text)
    .text                                    0x080001c0   Section        0  memseta.o(.text)
    .text                                    0x080001e4   Section        0  strcmp.o(.text)
    .text                                    0x08000200   Section        0  uldiv.o(.text)
    .text                                    0x08000264   Section       36  init.o(.text)
    .text                                    0x08000288   Section        0  llshl.o(.text)
    .text                                    0x080002a6   Section        0  llushr.o(.text)
    .text                                    0x080002c6   Section        0  __dclz77c.o(.text)
    i.ADC1_Init                              0x08000324   Section        0  adc.o(i.ADC1_Init)
    i.ADC_Cmd                                0x08000428   Section        0  stm32f4xx_adc.o(i.ADC_Cmd)
    i.ADC_CommonInit                         0x08000440   Section        0  stm32f4xx_adc.o(i.ADC_CommonInit)
    i.ADC_DMACmd                             0x08000470   Section        0  stm32f4xx_adc.o(i.ADC_DMACmd)
    i.ADC_DMARequestAfterLastTransferCmd     0x08000486   Section        0  stm32f4xx_adc.o(i.ADC_DMARequestAfterLastTransferCmd)
    i.ADC_Init                               0x0800049c   Section        0  stm32f4xx_adc.o(i.ADC_Init)
    i.ADC_RegularChannelConfig               0x080004f0   Section        0  stm32f4xx_adc.o(i.ADC_RegularChannelConfig)
    i.ADC_SoftwareStartConv                  0x080005a8   Section        0  stm32f4xx_adc.o(i.ADC_SoftwareStartConv)
    i.BEEP_Init                              0x080005b4   Section        0  beep.o(i.BEEP_Init)
    i.BEEP_OFF                               0x080005ec   Section        0  beep.o(i.BEEP_OFF)
    i.BEEP_ON                                0x08000600   Section        0  beep.o(i.BEEP_ON)
    i.BusFault_Handler                       0x08000614   Section        0  stm32f4xx_it.o(i.BusFault_Handler)
    i.DHT11_Check                            0x08000618   Section        0  drv_dht11.o(i.DHT11_Check)
    i.DHT11_IO_IN                            0x08000670   Section        0  drv_dht11.o(i.DHT11_IO_IN)
    i.DHT11_IO_OUT                           0x08000694   Section        0  drv_dht11.o(i.DHT11_IO_OUT)
    i.DHT11_Init                             0x080006c4   Section        0  drv_dht11.o(i.DHT11_Init)
    i.DHT11_Read_Bit                         0x08000704   Section        0  drv_dht11.o(i.DHT11_Read_Bit)
    i.DHT11_Read_Byte                        0x0800075c   Section        0  drv_dht11.o(i.DHT11_Read_Byte)
    i.DHT11_Read_Data                        0x0800077a   Section        0  drv_dht11.o(i.DHT11_Read_Data)
    i.DHT11_Rst                              0x080007d4   Section        0  drv_dht11.o(i.DHT11_Rst)
    i.DMA_Cmd                                0x080007fc   Section        0  stm32f4xx_dma.o(i.DMA_Cmd)
    i.DMA_Init                               0x08000814   Section        0  stm32f4xx_dma.o(i.DMA_Init)
    i.DebugMon_Handler                       0x0800086c   Section        0  stm32f4xx_it.o(i.DebugMon_Handler)
    i.GPIO_Init                              0x0800086e   Section        0  stm32f4xx_gpio.o(i.GPIO_Init)
    i.GPIO_PinAFConfig                       0x080008fe   Section        0  stm32f4xx_gpio.o(i.GPIO_PinAFConfig)
    i.GPIO_ReadInputDataBit                  0x08000944   Section        0  stm32f4xx_gpio.o(i.GPIO_ReadInputDataBit)
    i.GPIO_ReadOutputDataBit                 0x08000956   Section        0  stm32f4xx_gpio.o(i.GPIO_ReadOutputDataBit)
    i.GPIO_ResetBits                         0x08000968   Section        0  stm32f4xx_gpio.o(i.GPIO_ResetBits)
    i.GPIO_SetBits                           0x0800096c   Section        0  stm32f4xx_gpio.o(i.GPIO_SetBits)
    i.HardFault_Handler                      0x08000970   Section        0  stm32f4xx_it.o(i.HardFault_Handler)
    i.I2C_Start                              0x08000974   Section        0  oled.o(i.I2C_Start)
    i.I2C_Stop                               0x080009a8   Section        0  oled.o(i.I2C_Stop)
    i.I2C_WaitAck                            0x080009cc   Section        0  oled.o(i.I2C_WaitAck)
    i.IIC_delay                              0x080009f8   Section        0  oled.o(i.IIC_delay)
    i.KEY_Init                               0x08000a08   Section        0  key.o(i.KEY_Init)
    i.LED1_OFF                               0x08000a40   Section        0  led.o(i.LED1_OFF)
    i.LED1_ON                                0x08000a54   Section        0  led.o(i.LED1_ON)
    i.LED_Init                               0x08000a68   Section        0  led.o(i.LED_Init)
    i.MemManage_Handler                      0x08000aa8   Section        0  stm32f4xx_it.o(i.MemManage_Handler)
    i.NMI_Handler                            0x08000aac   Section        0  stm32f4xx_it.o(i.NMI_Handler)
    i.NVIC_Init                              0x08000ab0   Section        0  misc.o(i.NVIC_Init)
    i.NVIC_PriorityGroupConfig               0x08000b28   Section        0  misc.o(i.NVIC_PriorityGroupConfig)
    i.OLED_Clear                             0x08000b3c   Section        0  oled.o(i.OLED_Clear)
    i.OLED_DrawPoint                         0x08000b6c   Section        0  oled.o(i.OLED_DrawPoint)
    i.OLED_Init                              0x08000be4   Section        0  oled.o(i.OLED_Init)
    i.OLED_Pow                               0x08000d1c   Section        0  oled.o(i.OLED_Pow)
    i.OLED_Refresh                           0x08000d34   Section        0  oled.o(i.OLED_Refresh)
    i.OLED_ShowChar                          0x08000d9c   Section        0  oled.o(i.OLED_ShowChar)
    i.OLED_ShowChinese                       0x08000ed8   Section        0  oled.o(i.OLED_ShowChinese)
    i.OLED_ShowNum                           0x08000fdc   Section        0  oled.o(i.OLED_ShowNum)
    i.OLED_ShowString                        0x08001068   Section        0  oled.o(i.OLED_ShowString)
    i.OLED_WR_Byte                           0x080010b2   Section        0  oled.o(i.OLED_WR_Byte)
    i.PWM_TIM1_Init                          0x080010ec   Section        0  tim.o(i.PWM_TIM1_Init)
    i.PendSV_Handler                         0x080011a0   Section        0  stm32f4xx_it.o(i.PendSV_Handler)
    i.RCC_AHB1PeriphClockCmd                 0x080011a4   Section        0  stm32f4xx_rcc.o(i.RCC_AHB1PeriphClockCmd)
    i.RCC_APB1PeriphClockCmd                 0x080011c4   Section        0  stm32f4xx_rcc.o(i.RCC_APB1PeriphClockCmd)
    i.RCC_APB2PeriphClockCmd                 0x080011e4   Section        0  stm32f4xx_rcc.o(i.RCC_APB2PeriphClockCmd)
    i.RCC_GetClocksFreq                      0x08001204   Section        0  stm32f4xx_rcc.o(i.RCC_GetClocksFreq)
    i.SVC_Handler                            0x080012ec   Section        0  stm32f4xx_it.o(i.SVC_Handler)
    i.Send_Byte                              0x080012f0   Section        0  oled.o(i.Send_Byte)
    i.SetSysClock                            0x0800133c   Section        0  system_stm32f4xx.o(i.SetSysClock)
    SetSysClock                              0x0800133d   Thumb Code   220  system_stm32f4xx.o(i.SetSysClock)
    i.SysTick_Handler                        0x08001428   Section        0  stm32f4xx_it.o(i.SysTick_Handler)
    i.SystemInit                             0x0800142c   Section        0  system_stm32f4xx.o(i.SystemInit)
    i.TIM_ARRPreloadConfig                   0x08001494   Section        0  stm32f4xx_tim.o(i.TIM_ARRPreloadConfig)
    i.TIM_Cmd                                0x080014ac   Section        0  stm32f4xx_tim.o(i.TIM_Cmd)
    i.TIM_CtrlPWMOutputs                     0x080014c4   Section        0  stm32f4xx_tim.o(i.TIM_CtrlPWMOutputs)
    i.TIM_OC1Init                            0x080014e4   Section        0  stm32f4xx_tim.o(i.TIM_OC1Init)
    i.TIM_OC1PreloadConfig                   0x08001560   Section        0  stm32f4xx_tim.o(i.TIM_OC1PreloadConfig)
    i.TIM_SetCompare1                        0x08001572   Section        0  stm32f4xx_tim.o(i.TIM_SetCompare1)
    i.TIM_TimeBaseInit                       0x08001578   Section        0  stm32f4xx_tim.o(i.TIM_TimeBaseInit)
    i.USART1_IRQHandler                      0x080015fc   Section        0  usart1.o(i.USART1_IRQHandler)
    i.USART2_IRQHandler                      0x0800161c   Section        0  wifi_menu.o(i.USART2_IRQHandler)
    i.USART_1_Init                           0x080016d4   Section        0  usart1.o(i.USART_1_Init)
    i.USART_ClearFlag                        0x08001784   Section        0  stm32f4xx_usart.o(i.USART_ClearFlag)
    i.USART_ClearITPendingBit                0x08001796   Section        0  stm32f4xx_usart.o(i.USART_ClearITPendingBit)
    i.USART_Cmd                              0x080017b4   Section        0  stm32f4xx_usart.o(i.USART_Cmd)
    i.USART_GetFlagStatus                    0x080017cc   Section        0  stm32f4xx_usart.o(i.USART_GetFlagStatus)
    i.USART_ITConfig                         0x080017e6   Section        0  stm32f4xx_usart.o(i.USART_ITConfig)
    i.USART_Init                             0x08001830   Section        0  stm32f4xx_usart.o(i.USART_Init)
    i.USART_ReceiveData                      0x080018fc   Section        0  stm32f4xx_usart.o(i.USART_ReceiveData)
    i.USART_SendData                         0x08001906   Section        0  stm32f4xx_usart.o(i.USART_SendData)
    i.UsageFault_Handler                     0x0800190e   Section        0  stm32f4xx_it.o(i.UsageFault_Handler)
    i.WIFI_USART_2_Init                      0x08001914   Section        0  wifi.o(i.WIFI_USART_2_Init)
    i.__0printf$5                            0x080019c4   Section        0  printf5.o(i.__0printf$5)
    i.__scatterload_copy                     0x080019e4   Section       14  handlers.o(i.__scatterload_copy)
    i.__scatterload_null                     0x080019f2   Section        2  handlers.o(i.__scatterload_null)
    i.__scatterload_zeroinit                 0x080019f4   Section       14  handlers.o(i.__scatterload_zeroinit)
    i._printf_core                           0x08001a04   Section        0  printf5.o(i._printf_core)
    _printf_core                             0x08001a05   Thumb Code   658  printf5.o(i._printf_core)
    i.drv_adc_res_value                      0x08001cc4   Section        0  adc.o(i.drv_adc_res_value)
    i.drv_systick_delayms                    0x08001cec   Section        0  drv_systick.o(i.drv_systick_delayms)
    i.drv_systick_delayus                    0x08001d60   Section        0  drv_systick.o(i.drv_systick_delayus)
    i.drv_systick_init                       0x08001da4   Section        0  drv_systick.o(i.drv_systick_init)
    i.fputc                                  0x08001de4   Section        0  usart1.o(i.fputc)
    i.key_control_menu                       0x08001e10   Section        0  key_control_menu.o(i.key_control_menu)
    i.main                                   0x08001fd0   Section        0  main.o(i.main)
    i.menu1                                  0x0800216c   Section        0  menu1.o(i.menu1)
    i.pwm_control_menu                       0x0800256c   Section        0  pwm_control_menu.o(i.pwm_control_menu)
    i.usart_sendstr                          0x08002834   Section        0  wifi.o(i.usart_sendstr)
    i.wifi_menu                              0x08002878   Section        0  wifi_menu.o(i.wifi_menu)
    .constdata                               0x080029d8   Section     8176  oled.o(.constdata)
    .data                                    0x20000000   Section     2090  main.o(.data)
    .data                                    0x2000082a   Section        4  drv_systick.o(.data)
    fs_us                                    0x2000082a   Data           1  drv_systick.o(.data)
    fs_ms                                    0x2000082c   Data           2  drv_systick.o(.data)
    .data                                    0x2000082e   Section        1  menu1.o(.data)
    .data                                    0x2000082f   Section        2  key_control_menu.o(.data)
    num                                      0x2000082f   Data           1  key_control_menu.o(.data)
    num                                      0x20000830   Data           1  key_control_menu.o(.data)
    .data                                    0x20000832   Section        4  pwm_control_menu.o(.data)
    .data                                    0x20000836   Section        4  wifi_menu.o(.data)
    RXState                                  0x20000838   Data           1  wifi_menu.o(.data)
    pRxPacket                                0x20000839   Data           1  wifi_menu.o(.data)
    .data                                    0x2000083a   Section       16  stm32f4xx_rcc.o(.data)
    APBAHBPrescTable                         0x2000083a   Data          16  stm32f4xx_rcc.o(.data)
    .data                                    0x2000084c   Section        4  stdout.o(.data)
    .bss                                     0x20000850   Section     1152  oled.o(.bss)
    .bss                                     0x20000cd0   Section      200  adc.o(.bss)
    .bss                                     0x20000d98   Section      100  wifi_menu.o(.bss)
    STACK                                    0x20000e00   Section     1024  startup_stm32f40_41xxx.o(STACK)

    Global Symbols

    Symbol Name                              Value     Ov Type        Size  Object(Section)

    BuildAttributes$$THM_ISAv4$E$P$D$K$B$S$7EM$VFPi3$EXTD16$VFPS$VFMA$PE$A:L22UL41UL21$X:L11$S22US41US21$IEEE1$IW$USESV6$~STKCKD$USESV7$~SHL$OSPACE$ROPI$EBA8$MICROLIB$REQ8$PRES8$EABIv2 0x00000000   Number         0  anon$$obj.o ABSOLUTE
    __ARM_use_no_argv                        0x00000000   Number         0  main.o ABSOLUTE
    _printf_a                                0x00000000   Number         0  stubs.o ABSOLUTE
    _printf_c                                0x00000000   Number         0  stubs.o ABSOLUTE
    _printf_charcount                        0x00000000   Number         0  stubs.o ABSOLUTE
    _printf_d                                0x00000000   Number         0  stubs.o ABSOLUTE
    _printf_e                                0x00000000   Number         0  stubs.o ABSOLUTE
    _printf_f                                0x00000000   Number         0  stubs.o ABSOLUTE
    _printf_flags                            0x00000000   Number         0  stubs.o ABSOLUTE
    _printf_fp_dec                           0x00000000   Number         0  stubs.o ABSOLUTE
    _printf_fp_hex                           0x00000000   Number         0  stubs.o ABSOLUTE
    _printf_g                                0x00000000   Number         0  stubs.o ABSOLUTE
    _printf_i                                0x00000000   Number         0  stubs.o ABSOLUTE
    _printf_int_dec                          0x00000000   Number         0  stubs.o ABSOLUTE
    _printf_l                                0x00000000   Number         0  stubs.o ABSOLUTE
    _printf_lc                               0x00000000   Number         0  stubs.o ABSOLUTE
    _printf_ll                               0x00000000   Number         0  stubs.o ABSOLUTE
    _printf_lld                              0x00000000   Number         0  stubs.o ABSOLUTE
    _printf_lli                              0x00000000   Number         0  stubs.o ABSOLUTE
    _printf_llo                              0x00000000   Number         0  stubs.o ABSOLUTE
    _printf_llu                              0x00000000   Number         0  stubs.o ABSOLUTE
    _printf_llx                              0x00000000   Number         0  stubs.o ABSOLUTE
    _printf_longlong_dec                     0x00000000   Number         0  stubs.o ABSOLUTE
    _printf_longlong_hex                     0x00000000   Number         0  stubs.o ABSOLUTE
    _printf_longlong_oct                     0x00000000   Number         0  stubs.o ABSOLUTE
    _printf_ls                               0x00000000   Number         0  stubs.o ABSOLUTE
    _printf_mbtowc                           0x00000000   Number         0  stubs.o ABSOLUTE
    _printf_n                                0x00000000   Number         0  stubs.o ABSOLUTE
    _printf_o                                0x00000000   Number         0  stubs.o ABSOLUTE
    _printf_p                                0x00000000   Number         0  stubs.o ABSOLUTE
    _printf_percent                          0x00000000   Number         0  stubs.o ABSOLUTE
    _printf_pre_padding                      0x00000000   Number         0  stubs.o ABSOLUTE
    _printf_return_value                     0x00000000   Number         0  stubs.o ABSOLUTE
    _printf_s                                0x00000000   Number         0  stubs.o ABSOLUTE
    _printf_sizespec                         0x00000000   Number         0  stubs.o ABSOLUTE
    _printf_str                              0x00000000   Number         0  stubs.o ABSOLUTE
    _printf_truncate_signed                  0x00000000   Number         0  stubs.o ABSOLUTE
    _printf_truncate_unsigned                0x00000000   Number         0  stubs.o ABSOLUTE
    _printf_u                                0x00000000   Number         0  stubs.o ABSOLUTE
    _printf_wc                               0x00000000   Number         0  stubs.o ABSOLUTE
    _printf_wctomb                           0x00000000   Number         0  stubs.o ABSOLUTE
    _printf_widthprec                        0x00000000   Number         0  stubs.o ABSOLUTE
    _printf_x                                0x00000000   Number         0  stubs.o ABSOLUTE
    __cpp_initialize__aeabi_                  - Undefined Weak Reference
    __cxa_finalize                            - Undefined Weak Reference
    _clock_init                               - Undefined Weak Reference
    _microlib_exit                            - Undefined Weak Reference
    __Vectors_Size                           0x00000188   Number         0  startup_stm32f40_41xxx.o ABSOLUTE
    __Vectors                                0x08000000   Data           4  startup_stm32f40_41xxx.o(RESET)
    __Vectors_End                            0x08000188   Data           0  startup_stm32f40_41xxx.o(RESET)
    __main                                   0x08000189   Thumb Code     0  entry.o(.ARM.Collect$$$$00000000)
    _main_stk                                0x08000189   Thumb Code     0  entry2.o(.ARM.Collect$$$$00000001)
    _main_scatterload                        0x0800018d   Thumb Code     0  entry5.o(.ARM.Collect$$$$00000004)
    __main_after_scatterload                 0x08000191   Thumb Code     0  entry5.o(.ARM.Collect$$$$00000004)
    _main_clock                              0x08000191   Thumb Code     0  entry7b.o(.ARM.Collect$$$$00000008)
    _main_cpp_init                           0x08000191   Thumb Code     0  entry8b.o(.ARM.Collect$$$$0000000A)
    _main_init                               0x08000191   Thumb Code     0  entry9a.o(.ARM.Collect$$$$0000000B)
    __rt_final_cpp                           0x08000199   Thumb Code     0  entry10a.o(.ARM.Collect$$$$0000000D)
    __rt_final_exit                          0x08000199   Thumb Code     0  entry11a.o(.ARM.Collect$$$$0000000F)
    Reset_Handler                            0x0800019d   Thumb Code     8  startup_stm32f40_41xxx.o(.text)
    ADC_IRQHandler                           0x080001b7   Thumb Code     0  startup_stm32f40_41xxx.o(.text)
    CAN1_RX0_IRQHandler                      0x080001b7   Thumb Code     0  startup_stm32f40_41xxx.o(.text)
    CAN1_RX1_IRQHandler                      0x080001b7   Thumb Code     0  startup_stm32f40_41xxx.o(.text)
    CAN1_SCE_IRQHandler                      0x080001b7   Thumb Code     0  startup_stm32f40_41xxx.o(.text)
    CAN1_TX_IRQHandler                       0x080001b7   Thumb Code     0  startup_stm32f40_41xxx.o(.text)
    CAN2_RX0_IRQHandler                      0x080001b7   Thumb Code     0  startup_stm32f40_41xxx.o(.text)
    CAN2_RX1_IRQHandler                      0x080001b7   Thumb Code     0  startup_stm32f40_41xxx.o(.text)
    CAN2_SCE_IRQHandler                      0x080001b7   Thumb Code     0  startup_stm32f40_41xxx.o(.text)
    CAN2_TX_IRQHandler                       0x080001b7   Thumb Code     0  startup_stm32f40_41xxx.o(.text)
    CRYP_IRQHandler                          0x080001b7   Thumb Code     0  startup_stm32f40_41xxx.o(.text)
    DCMI_IRQHandler                          0x080001b7   Thumb Code     0  startup_stm32f40_41xxx.o(.text)
    DMA1_Stream0_IRQHandler                  0x080001b7   Thumb Code     0  startup_stm32f40_41xxx.o(.text)
    DMA1_Stream1_IRQHandler                  0x080001b7   Thumb Code     0  startup_stm32f40_41xxx.o(.text)
    DMA1_Stream2_IRQHandler                  0x080001b7   Thumb Code     0  startup_stm32f40_41xxx.o(.text)
    DMA1_Stream3_IRQHandler                  0x080001b7   Thumb Code     0  startup_stm32f40_41xxx.o(.text)
    DMA1_Stream4_IRQHandler                  0x080001b7   Thumb Code     0  startup_stm32f40_41xxx.o(.text)
    DMA1_Stream5_IRQHandler                  0x080001b7   Thumb Code     0  startup_stm32f40_41xxx.o(.text)
    DMA1_Stream6_IRQHandler                  0x080001b7   Thumb Code     0  startup_stm32f40_41xxx.o(.text)
    DMA1_Stream7_IRQHandler                  0x080001b7   Thumb Code     0  startup_stm32f40_41xxx.o(.text)
    DMA2_Stream0_IRQHandler                  0x080001b7   Thumb Code     0  startup_stm32f40_41xxx.o(.text)
    DMA2_Stream1_IRQHandler                  0x080001b7   Thumb Code     0  startup_stm32f40_41xxx.o(.text)
    DMA2_Stream2_IRQHandler                  0x080001b7   Thumb Code     0  startup_stm32f40_41xxx.o(.text)
    DMA2_Stream3_IRQHandler                  0x080001b7   Thumb Code     0  startup_stm32f40_41xxx.o(.text)
    DMA2_Stream4_IRQHandler                  0x080001b7   Thumb Code     0  startup_stm32f40_41xxx.o(.text)
    DMA2_Stream5_IRQHandler                  0x080001b7   Thumb Code     0  startup_stm32f40_41xxx.o(.text)
    DMA2_Stream6_IRQHandler                  0x080001b7   Thumb Code     0  startup_stm32f40_41xxx.o(.text)
    DMA2_Stream7_IRQHandler                  0x080001b7   Thumb Code     0  startup_stm32f40_41xxx.o(.text)
    ETH_IRQHandler                           0x080001b7   Thumb Code     0  startup_stm32f40_41xxx.o(.text)
    ETH_WKUP_IRQHandler                      0x080001b7   Thumb Code     0  startup_stm32f40_41xxx.o(.text)
    EXTI0_IRQHandler                         0x080001b7   Thumb Code     0  startup_stm32f40_41xxx.o(.text)
    EXTI15_10_IRQHandler                     0x080001b7   Thumb Code     0  startup_stm32f40_41xxx.o(.text)
    EXTI1_IRQHandler                         0x080001b7   Thumb Code     0  startup_stm32f40_41xxx.o(.text)
    EXTI2_IRQHandler                         0x080001b7   Thumb Code     0  startup_stm32f40_41xxx.o(.text)
    EXTI3_IRQHandler                         0x080001b7   Thumb Code     0  startup_stm32f40_41xxx.o(.text)
    EXTI4_IRQHandler                         0x080001b7   Thumb Code     0  startup_stm32f40_41xxx.o(.text)
    EXTI9_5_IRQHandler                       0x080001b7   Thumb Code     0  startup_stm32f40_41xxx.o(.text)
    FLASH_IRQHandler                         0x080001b7   Thumb Code     0  startup_stm32f40_41xxx.o(.text)
    FPU_IRQHandler                           0x080001b7   Thumb Code     0  startup_stm32f40_41xxx.o(.text)
    FSMC_IRQHandler                          0x080001b7   Thumb Code     0  startup_stm32f40_41xxx.o(.text)
    HASH_RNG_IRQHandler                      0x080001b7   Thumb Code     0  startup_stm32f40_41xxx.o(.text)
    I2C1_ER_IRQHandler                       0x080001b7   Thumb Code     0  startup_stm32f40_41xxx.o(.text)
    I2C1_EV_IRQHandler                       0x080001b7   Thumb Code     0  startup_stm32f40_41xxx.o(.text)
    I2C2_ER_IRQHandler                       0x080001b7   Thumb Code     0  startup_stm32f40_41xxx.o(.text)
    I2C2_EV_IRQHandler                       0x080001b7   Thumb Code     0  startup_stm32f40_41xxx.o(.text)
    I2C3_ER_IRQHandler                       0x080001b7   Thumb Code     0  startup_stm32f40_41xxx.o(.text)
    I2C3_EV_IRQHandler                       0x080001b7   Thumb Code     0  startup_stm32f40_41xxx.o(.text)
    OTG_FS_IRQHandler                        0x080001b7   Thumb Code     0  startup_stm32f40_41xxx.o(.text)
    OTG_FS_WKUP_IRQHandler                   0x080001b7   Thumb Code     0  startup_stm32f40_41xxx.o(.text)
    OTG_HS_EP1_IN_IRQHandler                 0x080001b7   Thumb Code     0  startup_stm32f40_41xxx.o(.text)
    OTG_HS_EP1_OUT_IRQHandler                0x080001b7   Thumb Code     0  startup_stm32f40_41xxx.o(.text)
    OTG_HS_IRQHandler                        0x080001b7   Thumb Code     0  startup_stm32f40_41xxx.o(.text)
    OTG_HS_WKUP_IRQHandler                   0x080001b7   Thumb Code     0  startup_stm32f40_41xxx.o(.text)
    PVD_IRQHandler                           0x080001b7   Thumb Code     0  startup_stm32f40_41xxx.o(.text)
    RCC_IRQHandler                           0x080001b7   Thumb Code     0  startup_stm32f40_41xxx.o(.text)
    RTC_Alarm_IRQHandler                     0x080001b7   Thumb Code     0  startup_stm32f40_41xxx.o(.text)
    RTC_WKUP_IRQHandler                      0x080001b7   Thumb Code     0  startup_stm32f40_41xxx.o(.text)
    SDIO_IRQHandler                          0x080001b7   Thumb Code     0  startup_stm32f40_41xxx.o(.text)
    SPI1_IRQHandler                          0x080001b7   Thumb Code     0  startup_stm32f40_41xxx.o(.text)
    SPI2_IRQHandler                          0x080001b7   Thumb Code     0  startup_stm32f40_41xxx.o(.text)
    SPI3_IRQHandler                          0x080001b7   Thumb Code     0  startup_stm32f40_41xxx.o(.text)
    TAMP_STAMP_IRQHandler                    0x080001b7   Thumb Code     0  startup_stm32f40_41xxx.o(.text)
    TIM1_BRK_TIM9_IRQHandler                 0x080001b7   Thumb Code     0  startup_stm32f40_41xxx.o(.text)
    TIM1_CC_IRQHandler                       0x080001b7   Thumb Code     0  startup_stm32f40_41xxx.o(.text)
    TIM1_TRG_COM_TIM11_IRQHandler            0x080001b7   Thumb Code     0  startup_stm32f40_41xxx.o(.text)
    TIM1_UP_TIM10_IRQHandler                 0x080001b7   Thumb Code     0  startup_stm32f40_41xxx.o(.text)
    TIM2_IRQHandler                          0x080001b7   Thumb Code     0  startup_stm32f40_41xxx.o(.text)
    TIM3_IRQHandler                          0x080001b7   Thumb Code     0  startup_stm32f40_41xxx.o(.text)
    TIM4_IRQHandler                          0x080001b7   Thumb Code     0  startup_stm32f40_41xxx.o(.text)
    TIM5_IRQHandler                          0x080001b7   Thumb Code     0  startup_stm32f40_41xxx.o(.text)
    TIM6_DAC_IRQHandler                      0x080001b7   Thumb Code     0  startup_stm32f40_41xxx.o(.text)
    TIM7_IRQHandler                          0x080001b7   Thumb Code     0  startup_stm32f40_41xxx.o(.text)
    TIM8_BRK_TIM12_IRQHandler                0x080001b7   Thumb Code     0  startup_stm32f40_41xxx.o(.text)
    TIM8_CC_IRQHandler                       0x080001b7   Thumb Code     0  startup_stm32f40_41xxx.o(.text)
    TIM8_TRG_COM_TIM14_IRQHandler            0x080001b7   Thumb Code     0  startup_stm32f40_41xxx.o(.text)
    TIM8_UP_TIM13_IRQHandler                 0x080001b7   Thumb Code     0  startup_stm32f40_41xxx.o(.text)
    UART4_IRQHandler                         0x080001b7   Thumb Code     0  startup_stm32f40_41xxx.o(.text)
    UART5_IRQHandler                         0x080001b7   Thumb Code     0  startup_stm32f40_41xxx.o(.text)
    USART3_IRQHandler                        0x080001b7   Thumb Code     0  startup_stm32f40_41xxx.o(.text)
    USART6_IRQHandler                        0x080001b7   Thumb Code     0  startup_stm32f40_41xxx.o(.text)
    WWDG_IRQHandler                          0x080001b7   Thumb Code     0  startup_stm32f40_41xxx.o(.text)
    __aeabi_memset                           0x080001c1   Thumb Code    14  memseta.o(.text)
    __aeabi_memset4                          0x080001c1   Thumb Code     0  memseta.o(.text)
    __aeabi_memset8                          0x080001c1   Thumb Code     0  memseta.o(.text)
    __aeabi_memclr                           0x080001cf   Thumb Code     4  memseta.o(.text)
    __aeabi_memclr4                          0x080001cf   Thumb Code     0  memseta.o(.text)
    __aeabi_memclr8                          0x080001cf   Thumb Code     0  memseta.o(.text)
    _memset$wrapper                          0x080001d3   Thumb Code    18  memseta.o(.text)
    strcmp                                   0x080001e5   Thumb Code    28  strcmp.o(.text)
    __aeabi_uldivmod                         0x08000201   Thumb Code    98  uldiv.o(.text)
    __scatterload                            0x08000265   Thumb Code    28  init.o(.text)
    __scatterload_rt2                        0x08000265   Thumb Code     0  init.o(.text)
    __aeabi_llsl                             0x08000289   Thumb Code    30  llshl.o(.text)
    _ll_shift_l                              0x08000289   Thumb Code     0  llshl.o(.text)
    __aeabi_llsr                             0x080002a7   Thumb Code    32  llushr.o(.text)
    _ll_ushift_r                             0x080002a7   Thumb Code     0  llushr.o(.text)
    __decompress                             0x080002c7   Thumb Code     0  __dclz77c.o(.text)
    __decompress2                            0x080002c7   Thumb Code    94  __dclz77c.o(.text)
    ADC1_Init                                0x08000325   Thumb Code   234  adc.o(i.ADC1_Init)
    ADC_Cmd                                  0x08000429   Thumb Code    22  stm32f4xx_adc.o(i.ADC_Cmd)
    ADC_CommonInit                           0x08000441   Thumb Code    34  stm32f4xx_adc.o(i.ADC_CommonInit)
    ADC_DMACmd                               0x08000471   Thumb Code    22  stm32f4xx_adc.o(i.ADC_DMACmd)
    ADC_DMARequestAfterLastTransferCmd       0x08000487   Thumb Code    22  stm32f4xx_adc.o(i.ADC_DMARequestAfterLastTransferCmd)
    ADC_Init                                 0x0800049d   Thumb Code    74  stm32f4xx_adc.o(i.ADC_Init)
    ADC_RegularChannelConfig                 0x080004f1   Thumb Code   184  stm32f4xx_adc.o(i.ADC_RegularChannelConfig)
    ADC_SoftwareStartConv                    0x080005a9   Thumb Code    10  stm32f4xx_adc.o(i.ADC_SoftwareStartConv)
    BEEP_Init                                0x080005b5   Thumb Code    50  beep.o(i.BEEP_Init)
    BEEP_OFF                                 0x080005ed   Thumb Code    14  beep.o(i.BEEP_OFF)
    BEEP_ON                                  0x08000601   Thumb Code    14  beep.o(i.BEEP_ON)
    BusFault_Handler                         0x08000615   Thumb Code     4  stm32f4xx_it.o(i.BusFault_Handler)
    DHT11_Check                              0x08000619   Thumb Code    82  drv_dht11.o(i.DHT11_Check)
    DHT11_IO_IN                              0x08000671   Thumb Code    30  drv_dht11.o(i.DHT11_IO_IN)
    DHT11_IO_OUT                             0x08000695   Thumb Code    42  drv_dht11.o(i.DHT11_IO_OUT)
    DHT11_Init                               0x080006c5   Thumb Code    58  drv_dht11.o(i.DHT11_Init)
    DHT11_Read_Bit                           0x08000705   Thumb Code    82  drv_dht11.o(i.DHT11_Read_Bit)
    DHT11_Read_Byte                          0x0800075d   Thumb Code    30  drv_dht11.o(i.DHT11_Read_Byte)
    DHT11_Read_Data                          0x0800077b   Thumb Code    88  drv_dht11.o(i.DHT11_Read_Data)
    DHT11_Rst                                0x080007d5   Thumb Code    36  drv_dht11.o(i.DHT11_Rst)
    DMA_Cmd                                  0x080007fd   Thumb Code    22  stm32f4xx_dma.o(i.DMA_Cmd)
    DMA_Init                                 0x08000815   Thumb Code    82  stm32f4xx_dma.o(i.DMA_Init)
    DebugMon_Handler                         0x0800086d   Thumb Code     2  stm32f4xx_it.o(i.DebugMon_Handler)
    GPIO_Init                                0x0800086f   Thumb Code   144  stm32f4xx_gpio.o(i.GPIO_Init)
    GPIO_PinAFConfig                         0x080008ff   Thumb Code    70  stm32f4xx_gpio.o(i.GPIO_PinAFConfig)
    GPIO_ReadInputDataBit                    0x08000945   Thumb Code    18  stm32f4xx_gpio.o(i.GPIO_ReadInputDataBit)
    GPIO_ReadOutputDataBit                   0x08000957   Thumb Code    18  stm32f4xx_gpio.o(i.GPIO_ReadOutputDataBit)
    GPIO_ResetBits                           0x08000969   Thumb Code     4  stm32f4xx_gpio.o(i.GPIO_ResetBits)
    GPIO_SetBits                             0x0800096d   Thumb Code     4  stm32f4xx_gpio.o(i.GPIO_SetBits)
    HardFault_Handler                        0x08000971   Thumb Code     4  stm32f4xx_it.o(i.HardFault_Handler)
    I2C_Start                                0x08000975   Thumb Code    48  oled.o(i.I2C_Start)
    I2C_Stop                                 0x080009a9   Thumb Code    32  oled.o(i.I2C_Stop)
    I2C_WaitAck                              0x080009cd   Thumb Code    40  oled.o(i.I2C_WaitAck)
    IIC_delay                                0x080009f9   Thumb Code    16  oled.o(i.IIC_delay)
    KEY_Init                                 0x08000a09   Thumb Code    46  key.o(i.KEY_Init)
    LED1_OFF                                 0x08000a41   Thumb Code    14  led.o(i.LED1_OFF)
    LED1_ON                                  0x08000a55   Thumb Code    14  led.o(i.LED1_ON)
    LED_Init                                 0x08000a69   Thumb Code    60  led.o(i.LED_Init)
    MemManage_Handler                        0x08000aa9   Thumb Code     4  stm32f4xx_it.o(i.MemManage_Handler)
    NMI_Handler                              0x08000aad   Thumb Code     2  stm32f4xx_it.o(i.NMI_Handler)
    NVIC_Init                                0x08000ab1   Thumb Code   106  misc.o(i.NVIC_Init)
    NVIC_PriorityGroupConfig                 0x08000b29   Thumb Code    10  misc.o(i.NVIC_PriorityGroupConfig)
    OLED_Clear                               0x08000b3d   Thumb Code    42  oled.o(i.OLED_Clear)
    OLED_DrawPoint                           0x08000b6d   Thumb Code   114  oled.o(i.OLED_DrawPoint)
    OLED_Init                                0x08000be5   Thumb Code   308  oled.o(i.OLED_Init)
    OLED_Pow                                 0x08000d1d   Thumb Code    22  oled.o(i.OLED_Pow)
    OLED_Refresh                             0x08000d35   Thumb Code   100  oled.o(i.OLED_Refresh)
    OLED_ShowChar                            0x08000d9d   Thumb Code   300  oled.o(i.OLED_ShowChar)
    OLED_ShowChinese                         0x08000ed9   Thumb Code   244  oled.o(i.OLED_ShowChinese)
    OLED_ShowNum                             0x08000fdd   Thumb Code   140  oled.o(i.OLED_ShowNum)
    OLED_ShowString                          0x08001069   Thumb Code    74  oled.o(i.OLED_ShowString)
    OLED_WR_Byte                             0x080010b3   Thumb Code    56  oled.o(i.OLED_WR_Byte)
    PWM_TIM1_Init                            0x080010ed   Thumb Code   172  tim.o(i.PWM_TIM1_Init)
    PendSV_Handler                           0x080011a1   Thumb Code     2  stm32f4xx_it.o(i.PendSV_Handler)
    RCC_AHB1PeriphClockCmd                   0x080011a5   Thumb Code    26  stm32f4xx_rcc.o(i.RCC_AHB1PeriphClockCmd)
    RCC_APB1PeriphClockCmd                   0x080011c5   Thumb Code    26  stm32f4xx_rcc.o(i.RCC_APB1PeriphClockCmd)
    RCC_APB2PeriphClockCmd                   0x080011e5   Thumb Code    26  stm32f4xx_rcc.o(i.RCC_APB2PeriphClockCmd)
    RCC_GetClocksFreq                        0x08001205   Thumb Code   214  stm32f4xx_rcc.o(i.RCC_GetClocksFreq)
    SVC_Handler                              0x080012ed   Thumb Code     2  stm32f4xx_it.o(i.SVC_Handler)
    Send_Byte                                0x080012f1   Thumb Code    70  oled.o(i.Send_Byte)
    SysTick_Handler                          0x08001429   Thumb Code     2  stm32f4xx_it.o(i.SysTick_Handler)
    SystemInit                               0x0800142d   Thumb Code    88  system_stm32f4xx.o(i.SystemInit)
    TIM_ARRPreloadConfig                     0x08001495   Thumb Code    24  stm32f4xx_tim.o(i.TIM_ARRPreloadConfig)
    TIM_Cmd                                  0x080014ad   Thumb Code    24  stm32f4xx_tim.o(i.TIM_Cmd)
    TIM_CtrlPWMOutputs                       0x080014c5   Thumb Code    30  stm32f4xx_tim.o(i.TIM_CtrlPWMOutputs)
    TIM_OC1Init                              0x080014e5   Thumb Code   114  stm32f4xx_tim.o(i.TIM_OC1Init)
    TIM_OC1PreloadConfig                     0x08001561   Thumb Code    18  stm32f4xx_tim.o(i.TIM_OC1PreloadConfig)
    TIM_SetCompare1                          0x08001573   Thumb Code     4  stm32f4xx_tim.o(i.TIM_SetCompare1)
    TIM_TimeBaseInit                         0x08001579   Thumb Code   104  stm32f4xx_tim.o(i.TIM_TimeBaseInit)
    USART1_IRQHandler                        0x080015fd   Thumb Code    26  usart1.o(i.USART1_IRQHandler)
    USART2_IRQHandler                        0x0800161d   Thumb Code   158  wifi_menu.o(i.USART2_IRQHandler)
    USART_1_Init                             0x080016d5   Thumb Code   168  usart1.o(i.USART_1_Init)
    USART_ClearFlag                          0x08001785   Thumb Code    18  stm32f4xx_usart.o(i.USART_ClearFlag)
    USART_ClearITPendingBit                  0x08001797   Thumb Code    30  stm32f4xx_usart.o(i.USART_ClearITPendingBit)
    USART_Cmd                                0x080017b5   Thumb Code    24  stm32f4xx_usart.o(i.USART_Cmd)
    USART_GetFlagStatus                      0x080017cd   Thumb Code    26  stm32f4xx_usart.o(i.USART_GetFlagStatus)
    USART_ITConfig                           0x080017e7   Thumb Code    74  stm32f4xx_usart.o(i.USART_ITConfig)
    USART_Init                               0x08001831   Thumb Code   196  stm32f4xx_usart.o(i.USART_Init)
    USART_ReceiveData                        0x080018fd   Thumb Code    10  stm32f4xx_usart.o(i.USART_ReceiveData)
    USART_SendData                           0x08001907   Thumb Code     8  stm32f4xx_usart.o(i.USART_SendData)
    UsageFault_Handler                       0x0800190f   Thumb Code     4  stm32f4xx_it.o(i.UsageFault_Handler)
    WIFI_USART_2_Init                        0x08001915   Thumb Code   168  wifi.o(i.WIFI_USART_2_Init)
    __0printf$5                              0x080019c5   Thumb Code    22  printf5.o(i.__0printf$5)
    __1printf$5                              0x080019c5   Thumb Code     0  printf5.o(i.__0printf$5)
    __2printf                                0x080019c5   Thumb Code     0  printf5.o(i.__0printf$5)
    __scatterload_copy                       0x080019e5   Thumb Code    14  handlers.o(i.__scatterload_copy)
    __scatterload_null                       0x080019f3   Thumb Code     2  handlers.o(i.__scatterload_null)
    __scatterload_zeroinit                   0x080019f5   Thumb Code    14  handlers.o(i.__scatterload_zeroinit)
    drv_adc_res_value                        0x08001cc5   Thumb Code    34  adc.o(i.drv_adc_res_value)
    drv_systick_delayms                      0x08001ced   Thumb Code   110  drv_systick.o(i.drv_systick_delayms)
    drv_systick_delayus                      0x08001d61   Thumb Code    62  drv_systick.o(i.drv_systick_delayus)
    drv_systick_init                         0x08001da5   Thumb Code    56  drv_systick.o(i.drv_systick_init)
    fputc                                    0x08001de5   Thumb Code    40  usart1.o(i.fputc)
    key_control_menu                         0x08001e11   Thumb Code   378  key_control_menu.o(i.key_control_menu)
    main                                     0x08001fd1   Thumb Code   242  main.o(i.main)
    menu1                                    0x0800216d   Thumb Code  1004  menu1.o(i.menu1)
    pwm_control_menu                         0x0800256d   Thumb Code   692  pwm_control_menu.o(i.pwm_control_menu)
    usart_sendstr                            0x08002835   Thumb Code    68  wifi.o(i.usart_sendstr)
    wifi_menu                                0x08002879   Thumb Code   308  wifi_menu.o(i.wifi_menu)
    asc2_0806                                0x080029d8   Data         552  oled.o(.constdata)
    asc2_1206                                0x08002c00   Data        1140  oled.o(.constdata)
    asc2_1608                                0x08003074   Data        1520  oled.o(.constdata)
    asc2_2412                                0x08003664   Data        3420  oled.o(.constdata)
    Hzk1                                     0x080043c0   Data         832  oled.o(.constdata)
    Hzk2                                     0x08004700   Data          72  oled.o(.constdata)
    Hzk3                                     0x08004748   Data         128  oled.o(.constdata)
    Hzk4                                     0x080047c8   Data         512  oled.o(.constdata)
    Region$$Table$$Base                      0x080049c8   Number         0  anon$$obj.o(Region$$Table)
    Region$$Table$$Limit                     0x080049e8   Number         0  anon$$obj.o(Region$$Table)
    BMP1                                     0x20000000   Data        1024  main.o(.data)
    BMP2                                     0x20000400   Data        1024  main.o(.data)
    buf1                                     0x20000800   Data          40  main.o(.data)
    key_ret                                  0x20000828   Data           1  main.o(.data)
    menu                                     0x20000829   Data           1  main.o(.data)
    menu1_flag                               0x2000082e   Data           1  menu1.o(.data)
    temp                                     0x20000832   Data           1  pwm_control_menu.o(.data)
    humi                                     0x20000833   Data           1  pwm_control_menu.o(.data)
    Light_Val                                0x20000834   Data           2  pwm_control_menu.o(.data)
    USART2_RverFlag                          0x20000836   Data           1  wifi_menu.o(.data)
    USART2_RverData                          0x20000837   Data           1  wifi_menu.o(.data)
    __stdout                                 0x2000084c   Data           4  stdout.o(.data)
    OLED_GRAM                                0x20000850   Data        1152  oled.o(.bss)
    adc_data                                 0x20000cd0   Data         200  adc.o(.bss)
    USART2_RxPacket                          0x20000d98   Data         100  wifi_menu.o(.bss)
    __initial_sp                             0x20001200   Data           0  startup_stm32f40_41xxx.o(STACK)



==============================================================================

Memory Map of the image

  Image Entry point : 0x08000189

  Load Region LR_IROM1 (Base: 0x08000000, Size: 0x00005238, Max: 0x00080000, ABSOLUTE, COMPRESSED[0x00004be8])

    Execution Region ER_IROM1 (Exec base: 0x08000000, Load base: 0x08000000, Size: 0x000049e8, Max: 0x00080000, ABSOLUTE)

    Exec Addr    Load Addr    Size         Type   Attr      Idx    E Section Name        Object

    0x08000000   0x08000000   0x00000188   Data   RO          970    RESET               startup_stm32f40_41xxx.o
    0x08000188   0x08000188   0x00000000   Code   RO         5705  * .ARM.Collect$$$$00000000  mc_w.l(entry.o)
    0x08000188   0x08000188   0x00000004   Code   RO         5973    .ARM.Collect$$$$00000001  mc_w.l(entry2.o)
    0x0800018c   0x0800018c   0x00000004   Code   RO         5976    .ARM.Collect$$$$00000004  mc_w.l(entry5.o)
    0x08000190   0x08000190   0x00000000   Code   RO         5978    .ARM.Collect$$$$00000008  mc_w.l(entry7b.o)
    0x08000190   0x08000190   0x00000000   Code   RO         5980    .ARM.Collect$$$$0000000A  mc_w.l(entry8b.o)
    0x08000190   0x08000190   0x00000008   Code   RO         5981    .ARM.Collect$$$$0000000B  mc_w.l(entry9a.o)
    0x08000198   0x08000198   0x00000000   Code   RO         5983    .ARM.Collect$$$$0000000D  mc_w.l(entry10a.o)
    0x08000198   0x08000198   0x00000000   Code   RO         5985    .ARM.Collect$$$$0000000F  mc_w.l(entry11a.o)
    0x08000198   0x08000198   0x00000004   Code   RO         5974    .ARM.Collect$$$$00002712  mc_w.l(entry2.o)
    0x0800019c   0x0800019c   0x00000024   Code   RO          971    .text               startup_stm32f40_41xxx.o
    0x080001c0   0x080001c0   0x00000024   Code   RO         5708    .text               mc_w.l(memseta.o)
    0x080001e4   0x080001e4   0x0000001c   Code   RO         5710    .text               mc_w.l(strcmp.o)
    0x08000200   0x08000200   0x00000062   Code   RO         5990    .text               mc_w.l(uldiv.o)
    0x08000262   0x08000262   0x00000002   PAD
    0x08000264   0x08000264   0x00000024   Code   RO         6003    .text               mc_w.l(init.o)
    0x08000288   0x08000288   0x0000001e   Code   RO         6005    .text               mc_w.l(llshl.o)
    0x080002a6   0x080002a6   0x00000020   Code   RO         6007    .text               mc_w.l(llushr.o)
    0x080002c6   0x080002c6   0x0000005e   Code   RO         6021    .text               mc_w.l(__dclz77c.o)
    0x08000324   0x08000324   0x00000104   Code   RO          709    i.ADC1_Init         adc.o
    0x08000428   0x08000428   0x00000016   Code   RO         1027    i.ADC_Cmd           stm32f4xx_adc.o
    0x0800043e   0x0800043e   0x00000002   PAD
    0x08000440   0x08000440   0x00000030   Code   RO         1028    i.ADC_CommonInit    stm32f4xx_adc.o
    0x08000470   0x08000470   0x00000016   Code   RO         1031    i.ADC_DMACmd        stm32f4xx_adc.o
    0x08000486   0x08000486   0x00000016   Code   RO         1032    i.ADC_DMARequestAfterLastTransferCmd  stm32f4xx_adc.o
    0x0800049c   0x0800049c   0x00000054   Code   RO         1047    i.ADC_Init          stm32f4xx_adc.o
    0x080004f0   0x080004f0   0x000000b8   Code   RO         1052    i.ADC_RegularChannelConfig  stm32f4xx_adc.o
    0x080005a8   0x080005a8   0x0000000a   Code   RO         1054    i.ADC_SoftwareStartConv  stm32f4xx_adc.o
    0x080005b2   0x080005b2   0x00000002   PAD
    0x080005b4   0x080005b4   0x00000038   Code   RO          650    i.BEEP_Init         beep.o
    0x080005ec   0x080005ec   0x00000014   Code   RO          651    i.BEEP_OFF          beep.o
    0x08000600   0x08000600   0x00000014   Code   RO          652    i.BEEP_ON           beep.o
    0x08000614   0x08000614   0x00000004   Code   RO          192    i.BusFault_Handler  stm32f4xx_it.o
    0x08000618   0x08000618   0x00000058   Code   RO          834    i.DHT11_Check       drv_dht11.o
    0x08000670   0x08000670   0x00000024   Code   RO          835    i.DHT11_IO_IN       drv_dht11.o
    0x08000694   0x08000694   0x00000030   Code   RO          836    i.DHT11_IO_OUT      drv_dht11.o
    0x080006c4   0x080006c4   0x00000040   Code   RO          837    i.DHT11_Init        drv_dht11.o
    0x08000704   0x08000704   0x00000058   Code   RO          838    i.DHT11_Read_Bit    drv_dht11.o
    0x0800075c   0x0800075c   0x0000001e   Code   RO          839    i.DHT11_Read_Byte   drv_dht11.o
    0x0800077a   0x0800077a   0x00000058   Code   RO          840    i.DHT11_Read_Data   drv_dht11.o
    0x080007d2   0x080007d2   0x00000002   PAD
    0x080007d4   0x080007d4   0x00000028   Code   RO          841    i.DHT11_Rst         drv_dht11.o
    0x080007fc   0x080007fc   0x00000016   Code   RO         1966    i.DMA_Cmd           stm32f4xx_dma.o
    0x08000812   0x08000812   0x00000002   PAD
    0x08000814   0x08000814   0x00000058   Code   RO         1978    i.DMA_Init          stm32f4xx_dma.o
    0x0800086c   0x0800086c   0x00000002   Code   RO          193    i.DebugMon_Handler  stm32f4xx_it.o
    0x0800086e   0x0800086e   0x00000090   Code   RO         2700    i.GPIO_Init         stm32f4xx_gpio.o
    0x080008fe   0x080008fe   0x00000046   Code   RO         2701    i.GPIO_PinAFConfig  stm32f4xx_gpio.o
    0x08000944   0x08000944   0x00000012   Code   RO         2704    i.GPIO_ReadInputDataBit  stm32f4xx_gpio.o
    0x08000956   0x08000956   0x00000012   Code   RO         2706    i.GPIO_ReadOutputDataBit  stm32f4xx_gpio.o
    0x08000968   0x08000968   0x00000004   Code   RO         2707    i.GPIO_ResetBits    stm32f4xx_gpio.o
    0x0800096c   0x0800096c   0x00000004   Code   RO         2708    i.GPIO_SetBits      stm32f4xx_gpio.o
    0x08000970   0x08000970   0x00000004   Code   RO          194    i.HardFault_Handler  stm32f4xx_it.o
    0x08000974   0x08000974   0x00000034   Code   RO          454    i.I2C_Start         oled.o
    0x080009a8   0x080009a8   0x00000024   Code   RO          455    i.I2C_Stop          oled.o
    0x080009cc   0x080009cc   0x0000002c   Code   RO          456    i.I2C_WaitAck       oled.o
    0x080009f8   0x080009f8   0x00000010   Code   RO          457    i.IIC_delay         oled.o
    0x08000a08   0x08000a08   0x00000038   Code   RO          344    i.KEY_Init          key.o
    0x08000a40   0x08000a40   0x00000014   Code   RO          282    i.LED1_OFF          led.o
    0x08000a54   0x08000a54   0x00000014   Code   RO          283    i.LED1_ON           led.o
    0x08000a68   0x08000a68   0x00000040   Code   RO          288    i.LED_Init          led.o
    0x08000aa8   0x08000aa8   0x00000004   Code   RO          195    i.MemManage_Handler  stm32f4xx_it.o
    0x08000aac   0x08000aac   0x00000002   Code   RO          196    i.NMI_Handler       stm32f4xx_it.o
    0x08000aae   0x08000aae   0x00000002   PAD
    0x08000ab0   0x08000ab0   0x00000078   Code   RO          977    i.NVIC_Init         misc.o
    0x08000b28   0x08000b28   0x00000014   Code   RO          978    i.NVIC_PriorityGroupConfig  misc.o
    0x08000b3c   0x08000b3c   0x00000030   Code   RO          458    i.OLED_Clear        oled.o
    0x08000b6c   0x08000b6c   0x00000078   Code   RO          465    i.OLED_DrawPoint    oled.o
    0x08000be4   0x08000be4   0x00000138   Code   RO          466    i.OLED_Init         oled.o
    0x08000d1c   0x08000d1c   0x00000016   Code   RO          467    i.OLED_Pow          oled.o
    0x08000d32   0x08000d32   0x00000002   PAD
    0x08000d34   0x08000d34   0x00000068   Code   RO          468    i.OLED_Refresh      oled.o
    0x08000d9c   0x08000d9c   0x0000013c   Code   RO          470    i.OLED_ShowChar     oled.o
    0x08000ed8   0x08000ed8   0x00000104   Code   RO          471    i.OLED_ShowChinese  oled.o
    0x08000fdc   0x08000fdc   0x0000008c   Code   RO          472    i.OLED_ShowNum      oled.o
    0x08001068   0x08001068   0x0000004a   Code   RO          474    i.OLED_ShowString   oled.o
    0x080010b2   0x080010b2   0x00000038   Code   RO          475    i.OLED_WR_Byte      oled.o
    0x080010ea   0x080010ea   0x00000002   PAD
    0x080010ec   0x080010ec   0x000000b4   Code   RO          425    i.PWM_TIM1_Init     tim.o
    0x080011a0   0x080011a0   0x00000002   Code   RO          197    i.PendSV_Handler    stm32f4xx_it.o
    0x080011a2   0x080011a2   0x00000002   PAD
    0x080011a4   0x080011a4   0x00000020   Code   RO         3564    i.RCC_AHB1PeriphClockCmd  stm32f4xx_rcc.o
    0x080011c4   0x080011c4   0x00000020   Code   RO         3573    i.RCC_APB1PeriphClockCmd  stm32f4xx_rcc.o
    0x080011e4   0x080011e4   0x00000020   Code   RO         3576    i.RCC_APB2PeriphClockCmd  stm32f4xx_rcc.o
    0x08001204   0x08001204   0x000000e8   Code   RO         3585    i.RCC_GetClocksFreq  stm32f4xx_rcc.o
    0x080012ec   0x080012ec   0x00000002   Code   RO          198    i.SVC_Handler       stm32f4xx_it.o
    0x080012ee   0x080012ee   0x00000002   PAD
    0x080012f0   0x080012f0   0x0000004c   Code   RO          476    i.Send_Byte         oled.o
    0x0800133c   0x0800133c   0x000000ec   Code   RO          933    i.SetSysClock       system_stm32f4xx.o
    0x08001428   0x08001428   0x00000002   Code   RO          199    i.SysTick_Handler   stm32f4xx_it.o
    0x0800142a   0x0800142a   0x00000002   PAD
    0x0800142c   0x0800142c   0x00000068   Code   RO          935    i.SystemInit        system_stm32f4xx.o
    0x08001494   0x08001494   0x00000018   Code   RO         4899    i.TIM_ARRPreloadConfig  stm32f4xx_tim.o
    0x080014ac   0x080014ac   0x00000018   Code   RO         4911    i.TIM_Cmd           stm32f4xx_tim.o
    0x080014c4   0x080014c4   0x0000001e   Code   RO         4913    i.TIM_CtrlPWMOutputs  stm32f4xx_tim.o
    0x080014e2   0x080014e2   0x00000002   PAD
    0x080014e4   0x080014e4   0x0000007c   Code   RO         4940    i.TIM_OC1Init       stm32f4xx_tim.o
    0x08001560   0x08001560   0x00000012   Code   RO         4943    i.TIM_OC1PreloadConfig  stm32f4xx_tim.o
    0x08001572   0x08001572   0x00000004   Code   RO         4973    i.TIM_SetCompare1   stm32f4xx_tim.o
    0x08001576   0x08001576   0x00000002   PAD
    0x08001578   0x08001578   0x00000084   Code   RO         4983    i.TIM_TimeBaseInit  stm32f4xx_tim.o
    0x080015fc   0x080015fc   0x00000020   Code   RO          370    i.USART1_IRQHandler  usart1.o
    0x0800161c   0x0800161c   0x000000b8   Code   RO          896    i.USART2_IRQHandler  wifi_menu.o
    0x080016d4   0x080016d4   0x000000b0   Code   RO          371    i.USART_1_Init      usart1.o
    0x08001784   0x08001784   0x00000012   Code   RO         5457    i.USART_ClearFlag   stm32f4xx_usart.o
    0x08001796   0x08001796   0x0000001e   Code   RO         5458    i.USART_ClearITPendingBit  stm32f4xx_usart.o
    0x080017b4   0x080017b4   0x00000018   Code   RO         5461    i.USART_Cmd         stm32f4xx_usart.o
    0x080017cc   0x080017cc   0x0000001a   Code   RO         5464    i.USART_GetFlagStatus  stm32f4xx_usart.o
    0x080017e6   0x080017e6   0x0000004a   Code   RO         5467    i.USART_ITConfig    stm32f4xx_usart.o
    0x08001830   0x08001830   0x000000cc   Code   RO         5468    i.USART_Init        stm32f4xx_usart.o
    0x080018fc   0x080018fc   0x0000000a   Code   RO         5475    i.USART_ReceiveData  stm32f4xx_usart.o
    0x08001906   0x08001906   0x00000008   Code   RO         5478    i.USART_SendData    stm32f4xx_usart.o
    0x0800190e   0x0800190e   0x00000004   Code   RO          200    i.UsageFault_Handler  stm32f4xx_it.o
    0x08001912   0x08001912   0x00000002   PAD
    0x08001914   0x08001914   0x000000b0   Code   RO          738    i.WIFI_USART_2_Init  wifi.o
    0x080019c4   0x080019c4   0x00000020   Code   RO         5845    i.__0printf$5       mc_w.l(printf5.o)
    0x080019e4   0x080019e4   0x0000000e   Code   RO         6015    i.__scatterload_copy  mc_w.l(handlers.o)
    0x080019f2   0x080019f2   0x00000002   Code   RO         6016    i.__scatterload_null  mc_w.l(handlers.o)
    0x080019f4   0x080019f4   0x0000000e   Code   RO         6017    i.__scatterload_zeroinit  mc_w.l(handlers.o)
    0x08001a02   0x08001a02   0x00000002   PAD
    0x08001a04   0x08001a04   0x000002c0   Code   RO         5852    i._printf_core      mc_w.l(printf5.o)
    0x08001cc4   0x08001cc4   0x00000028   Code   RO          710    i.drv_adc_res_value  adc.o
    0x08001cec   0x08001cec   0x00000074   Code   RO          616    i.drv_systick_delayms  drv_systick.o
    0x08001d60   0x08001d60   0x00000044   Code   RO          617    i.drv_systick_delayus  drv_systick.o
    0x08001da4   0x08001da4   0x00000040   Code   RO          618    i.drv_systick_init  drv_systick.o
    0x08001de4   0x08001de4   0x0000002c   Code   RO          372    i.fputc             usart1.o
    0x08001e10   0x08001e10   0x000001c0   Code   RO          787    i.key_control_menu  key_control_menu.o
    0x08001fd0   0x08001fd0   0x0000019c   Code   RO            3    i.main              main.o
    0x0800216c   0x0800216c   0x00000400   Code   RO          764    i.menu1             menu1.o
    0x0800256c   0x0800256c   0x000002c8   Code   RO          808    i.pwm_control_menu  pwm_control_menu.o
    0x08002834   0x08002834   0x00000044   Code   RO          739    i.usart_sendstr     wifi.o
    0x08002878   0x08002878   0x00000160   Code   RO          897    i.wifi_menu         wifi_menu.o
    0x080029d8   0x080029d8   0x00001ff0   Data   RO          478    .constdata          oled.o
    0x080049c8   0x080049c8   0x00000020   Data   RO         6013    Region$$Table       anon$$obj.o


    Execution Region RW_IRAM2 (Exec base: 0x10000000, Load base: 0x08004be8, Size: 0x00000000, Max: 0x00010000, ABSOLUTE)

    **** No section assigned to this execution region ****


    Execution Region RW_IRAM1 (Exec base: 0x20000000, Load base: 0x080049e8, Size: 0x00001200, Max: 0x00020000, ABSOLUTE, COMPRESSED[0x00000200])

    Exec Addr    Load Addr    Size         Type   Attr      Idx    E Section Name        Object

    0x20000000   COMPRESSED   0x0000082a   Data   RW            5    .data               main.o
    0x2000082a   COMPRESSED   0x00000004   Data   RW          619    .data               drv_systick.o
    0x2000082e   COMPRESSED   0x00000001   Data   RW          765    .data               menu1.o
    0x2000082f   COMPRESSED   0x00000002   Data   RW          788    .data               key_control_menu.o
    0x20000831   COMPRESSED   0x00000001   PAD
    0x20000832   COMPRESSED   0x00000004   Data   RW          809    .data               pwm_control_menu.o
    0x20000836   COMPRESSED   0x00000004   Data   RW          899    .data               wifi_menu.o
    0x2000083a   COMPRESSED   0x00000010   Data   RW         3617    .data               stm32f4xx_rcc.o
    0x2000084a   COMPRESSED   0x00000002   PAD
    0x2000084c   COMPRESSED   0x00000004   Data   RW         5987    .data               mc_w.l(stdout.o)
    0x20000850        -       0x00000480   Zero   RW          477    .bss                oled.o
    0x20000cd0        -       0x000000c8   Zero   RW          711    .bss                adc.o
    0x20000d98        -       0x00000064   Zero   RW          898    .bss                wifi_menu.o
    0x20000dfc   COMPRESSED   0x00000004   PAD
    0x20000e00        -       0x00000400   Zero   RW          968    STACK               startup_stm32f40_41xxx.o


==============================================================================

Image component sizes


      Code (inc. data)   RO Data    RW Data    ZI Data      Debug   Object Name

       300         32          0          0        200       1803   adc.o
        96         18          0          0          0       1481   beep.o
       482         34          0          0          0       5241   drv_dht11.o
       248         20          0          4          0       1939   drv_systick.o
        56         10          0          0          0        523   key.o
       448         70          0          2          0        811   key_control_menu.o
       104         16          0          0          0       1480   led.o
       412        170          0       2090          0     296202   main.o
      1024         20          0          1          0       1125   menu1.o
       140         24          0          0          0       1743   misc.o
      1676         70       8176          0       1152      11452   oled.o
       712         20          0          4          0       1117   pwm_control_menu.o
        36          8        392          0       1024        940   startup_stm32f40_41xxx.o
       392         24          0          0          0       5991   stm32f4xx_adc.o
       110          6          0          0          0       2565   stm32f4xx_dma.o
       258          0          0          0          0       4604   stm32f4xx_gpio.o
        26          0          0          0          0     247482   stm32f4xx_it.o
       328         36          0         16          0       4955   stm32f4xx_rcc.o
       356         38          0          0          0       5344   stm32f4xx_tim.o
       394          8          0          0          0       6481   stm32f4xx_usart.o
       340         32          0          0          0       1845   system_stm32f4xx.o
       180          8          0          0          0        688   tim.o
       252         18          0          0          0       1799   usart1.o
       244          8          0          0          0       1772   wifi.o
       536         70          0          4        100       2050   wifi_menu.o

    ----------------------------------------------------------------------
      9176        760       8600       2124       2480     611433   Object Totals
         0          0         32          0          0          0   (incl. Generated)
        26          0          0          3          4          0   (incl. Padding)

    ----------------------------------------------------------------------

      Code (inc. data)   RO Data    RW Data    ZI Data      Debug   Library Member Name

        94          0          0          0          0          0   __dclz77c.o
         0          0          0          0          0          0   entry.o
         0          0          0          0          0          0   entry10a.o
         0          0          0          0          0          0   entry11a.o
         8          4          0          0          0          0   entry2.o
         4          0          0          0          0          0   entry5.o
         0          0          0          0          0          0   entry7b.o
         0          0          0          0          0          0   entry8b.o
         8          4          0          0          0          0   entry9a.o
        30          0          0          0          0          0   handlers.o
        36          8          0          0          0         68   init.o
        30          0          0          0          0         68   llshl.o
        32          0          0          0          0         68   llushr.o
        36          0          0          0          0        108   memseta.o
       736         56          0          0          0        184   printf5.o
         0          0          0          4          0          0   stdout.o
        28          0          0          0          0         76   strcmp.o
        98          0          0          0          0         92   uldiv.o

    ----------------------------------------------------------------------
      1144         72          0          4          0        664   Library Totals
         4          0          0          0          0          0   (incl. Padding)

    ----------------------------------------------------------------------

      Code (inc. data)   RO Data    RW Data    ZI Data      Debug   Library Name

      1140         72          0          4          0        664   mc_w.l

    ----------------------------------------------------------------------
      1144         72          0          4          0        664   Library Totals

    ----------------------------------------------------------------------

==============================================================================


      Code (inc. data)   RO Data    RW Data    ZI Data      Debug   

     10320        832       8600       2128       2480     603221   Grand Totals
     10320        832       8600        512       2480     603221   ELF Image Totals (compressed)
     10320        832       8600        512          0          0   ROM Totals

==============================================================================

    Total RO  Size (Code + RO Data)                18920 (  18.48kB)
    Total RW  Size (RW Data + ZI Data)              4608 (   4.50kB)
    Total ROM Size (Code + RO Data + RW Data)      19432 (  18.98kB)

==============================================================================

