<html>
<body>
<pre>
<h1>µVision Build Log</h1>
<h2>Tool Versions:</h2>
IDE-Version: ¦ÌVision V5.24.2.0
Copyright (C) 2017 ARM Ltd and ARM Germany GmbH. All rights reserved.
License Information: xc 1111111111111111, nb, LIC=RC93N-YEDY0-45BT5-GNFFY-J9CM0-UUGNF
 
Tool Versions:
Toolchain:       MDK-ARM Plus  Version: 5.24.1
Toolchain Path:  D:\Keil5\ARM\ARMCC\Bin
C Compiler:      Armcc.exe V5.06 update 5 (build 528)
Assembler:       Armasm.exe V5.06 update 5 (build 528)
Linker/Locator:  ArmLink.exe V5.06 update 5 (build 528)
Library Manager: ArmAr.exe V5.06 update 5 (build 528)
Hex Converter:   FromElf.exe V5.06 update 5 (build 528)
CPU DLL:         SARMCM3.DLL V5.24.1
Dialog DLL:      DCM.DLL V1.16.0.0
Target DLL:      Segger\JL2CM3.dll V2.99.26.0
Dialog DLL:      TCM.DLL V1.32.0.0
 
<h2>Project:</h2>
C:\Users\34812\Desktop\hq STM32 project\1111\project\demo.uvprojx
Project File Date:  03/12/2024

<h2>Output:</h2>
*** Using Compiler 'V5.06 update 5 (build 528)', folder: 'D:\Keil5\ARM\ARMCC\Bin'
Build target 'demo'
compiling pwm_control_menu.c...
..\drivers\inc\ADC.h(7): warning:  #1295-D: Deprecated declaration drv_adc_res_value - give arg types
  uint16_t drv_adc_res_value();
..\drivers\inc\TIM.h(10): warning:  #1-D: last line of file ends without a newline
  #endif
..\drivers\src\pwm_control_menu.c(111): warning:  #1-D: last line of file ends without a newline
  }
..\drivers\src\pwm_control_menu.c: 3 warnings, 0 errors
linking...
Program Size: Code=10320 RO-data=8600 RW-data=2128 ZI-data=2480  
FromELF: creating hex file...
".\Objects\demo.axf" - 0 Error(s), 3 Warning(s).

<h2>Software Packages used:</h2>

Package Vendor: Keil
                http://www.keil.com/pack/Keil.STM32F4xx_DFP.1.0.8.pack
                Keil.STM32F4xx_DFP.1.0.8
                STMicroelectronics STM32F4 Series Device Support, Drivers and Examples

<h2>Collection of Component include folders:</h2>
  .\RTE\_demo
  D:\Keil5\ARM\PACK\Keil\STM32F4xx_DFP\1.0.8\Device\Include

<h2>Collection of Component Files used:</h2>
Build Time Elapsed:  00:00:03
</pre>
</body>
</html>
